Archive member included to satisfy reference by file (symbol)

c:/program files/microchip/xc32/v4.30/bin/bin/../../lib/gcc/pic32mx/8.3.1/../../../../pic32mx/lib\libpic32.a(memcpy.o)
                              build/EXPLORER_16_PIC32MX570F512L/debug/_ext/449926602/queue.o (memcpy)
c:/program files/microchip/xc32/v4.30/bin/bin/../../lib/gcc/pic32mx/8.3.1/../../../../pic32mx/lib\libpic32.a(memset.o)
                              build/EXPLORER_16_PIC32MX570F512L/debug/_ext/332309696/port.o (memset)
c:/program files/microchip/xc32/v4.30/bin/bin/../../lib/gcc/pic32mx/8.3.1/../../../../pic32mx/lib\libpic32.a(strlen.o)
                              build/EXPLORER_16_PIC32MX570F512L/debug/_ext/1472/console.o (strlen)
c:/program files/microchip/xc32/v4.30/bin/bin/../../lib/gcc/pic32mx/8.3.1/../../../../pic32mx/lib\libpic32.a(default-bootstrap-exception-handler.o)
                              C:\Users\houlds\AppData\Local\Temp\ccUlAot0.o (_bootstrap_exception_handler)
c:/program files/microchip/xc32/v4.30/bin/bin/../../lib/gcc/pic32mx/8.3.1/../../../../pic32mx/lib\libpic32.a(default-on-reset.o)
                              C:\Users\houlds\AppData\Local\Temp\ccUlAot0.o (_on_reset)
c:/program files/microchip/xc32/v4.30/bin/bin/../../lib/gcc/pic32mx/8.3.1/../../../../pic32mx/lib\libpic32.a(default-on-bootstrap.o)
                              C:\Users\houlds\AppData\Local\Temp\ccUlAot0.o (_on_bootstrap)
c:/program files/microchip/xc32/v4.30/bin/bin/../../lib/gcc/pic32mx/8.3.1/../../../../pic32mx/lib\libpic32.a(default-nmi-handler.o)
                              C:\Users\houlds\AppData\Local\Temp\ccUlAot0.o (_nmi_handler)
c:/program files/microchip/xc32/v4.30/bin/bin/../../lib/gcc/pic32mx/8.3.1/../../../../pic32mx/lib\libpic32.a(pic32_data_init_core.o)
                              C:\Users\houlds\AppData\Local\Temp\ccUlAot0.o (__pic32_data_init)
c:/program files/microchip/xc32/v4.30/bin/bin/../../lib/gcc/pic32mx/8.3.1/../../../../pic32mx/lib\libpic32.a(general-exception.o)
                              C:\Users\houlds\AppData\Local\Temp\ccUlAot0.o (_general_exception_context)
c:/program files/microchip/xc32/v4.30/bin/bin/../../lib/gcc/pic32mx/8.3.1/../../../../pic32mx/lib\libpic32.a(vector0.o)
                              C:\Users\houlds\AppData\Local\Temp\ccfUwoff.o (__vector_dispatch_0)
c:/program files/microchip/xc32/v4.30/bin/bin/../../lib/gcc/pic32mx/8.3.1/../../../../pic32mx/lib\libpic32.a(vector2.o)
                              C:\Users\houlds\AppData\Local\Temp\ccfUwoff.o (__vector_dispatch_2)
c:/program files/microchip/xc32/v4.30/bin/bin/../../lib/gcc/pic32mx/8.3.1/../../../../pic32mx/lib\libpic32.a(vector3.o)
                              C:\Users\houlds\AppData\Local\Temp\ccfUwoff.o (__vector_dispatch_3)
c:/program files/microchip/xc32/v4.30/bin/bin/../../lib/gcc/pic32mx/8.3.1/../../../../pic32mx/lib\libpic32.a(vector5.o)
                              C:\Users\houlds\AppData\Local\Temp\ccfUwoff.o (__vector_dispatch_5)
c:/program files/microchip/xc32/v4.30/bin/bin/../../lib/gcc/pic32mx/8.3.1/../../../../pic32mx/lib\libpic32.a(vector6.o)
                              C:\Users\houlds\AppData\Local\Temp\ccfUwoff.o (__vector_dispatch_6)
c:/program files/microchip/xc32/v4.30/bin/bin/../../lib/gcc/pic32mx/8.3.1/../../../../pic32mx/lib\libpic32.a(vector7.o)
                              C:\Users\houlds\AppData\Local\Temp\ccfUwoff.o (__vector_dispatch_7)
c:/program files/microchip/xc32/v4.30/bin/bin/../../lib/gcc/pic32mx/8.3.1/../../../../pic32mx/lib\libpic32.a(vector8.o)
                              C:\Users\houlds\AppData\Local\Temp\ccfUwoff.o (__vector_dispatch_8)
c:/program files/microchip/xc32/v4.30/bin/bin/../../lib/gcc/pic32mx/8.3.1/../../../../pic32mx/lib\libpic32.a(vector9.o)
                              C:\Users\houlds\AppData\Local\Temp\ccfUwoff.o (__vector_dispatch_9)
c:/program files/microchip/xc32/v4.30/bin/bin/../../lib/gcc/pic32mx/8.3.1/../../../../pic32mx/lib\libpic32.a(vector10.o)
                              C:\Users\houlds\AppData\Local\Temp\ccfUwoff.o (__vector_dispatch_10)
c:/program files/microchip/xc32/v4.30/bin/bin/../../lib/gcc/pic32mx/8.3.1/../../../../pic32mx/lib\libpic32.a(vector11.o)
                              C:\Users\houlds\AppData\Local\Temp\ccfUwoff.o (__vector_dispatch_11)
c:/program files/microchip/xc32/v4.30/bin/bin/../../lib/gcc/pic32mx/8.3.1/../../../../pic32mx/lib\libpic32.a(vector12.o)
                              C:\Users\houlds\AppData\Local\Temp\ccfUwoff.o (__vector_dispatch_12)
c:/program files/microchip/xc32/v4.30/bin/bin/../../lib/gcc/pic32mx/8.3.1/../../../../pic32mx/lib\libpic32.a(vector13.o)
                              C:\Users\houlds\AppData\Local\Temp\ccfUwoff.o (__vector_dispatch_13)
c:/program files/microchip/xc32/v4.30/bin/bin/../../lib/gcc/pic32mx/8.3.1/../../../../pic32mx/lib\libpic32.a(vector14.o)
                              C:\Users\houlds\AppData\Local\Temp\ccfUwoff.o (__vector_dispatch_14)
[...]
Memory Configuration

Name             Origin             Length             Attributes
kseg0_program_mem 0x000000009d000000 0x0000000000080000 xr
kseg0_boot_mem   0x000000009fc00490 0x0000000000000970
exception_mem    0x000000009fc01000 0x0000000000001000
kseg1_boot_mem   0x00000000bfc00000 0x0000000000000490
debug_exec_mem   0x00000000bfc02000 0x0000000000000ff0
config3          0x00000000bfc02ff0 0x0000000000000004
config2          0x00000000bfc02ff4 0x0000000000000004
config1          0x00000000bfc02ff8 0x0000000000000004
config0          0x00000000bfc02ffc 0x0000000000000004
kseg1_data_mem   0x00000000a0000000 0x0000000000020000 w !x
sfrs             0x00000000bf800000 0x0000000000100000
configsfrs       0x00000000bfc02ff0 0x0000000000000010
*default*        0x0000000000000000 0xffffffffffffffff

Linker script and memory map

LOAD c:/program files/microchip/xc32/v4.30/bin/bin/../../lib/gcc/pic32mx/8.3.1/../../../../pic32mx/lib\software-debug-break.o
                0x0000000000000001                _DEBUGGER = 0x1
LOAD build/EXPLORER_16_PIC32MX570F512L/debug/_ext/332309696/port.o
LOAD build/EXPLORER_16_PIC32MX570F512L/debug/_ext/332309696/port_asm.o
LOAD build/EXPLORER_16_PIC32MX570F512L/debug/_ext/449926602/queue.o
LOAD build/EXPLORER_16_PIC32MX570F512L/debug/_ext/449926602/tasks.o
LOAD build/EXPLORER_16_PIC32MX570F512L/debug/_ext/449926602/list.o
LOAD build/EXPLORER_16_PIC32MX570F512L/debug/_ext/449926602/timers.o
LOAD build/EXPLORER_16_PIC32MX570F512L/debug/_ext/1884096877/heap_4.o
LOAD build/EXPLORER_16_PIC32MX570F512L/debug/_ext/1472/ConfigPerformance.o
LOAD build/EXPLORER_16_PIC32MX570F512L/debug/_ext/1472/main.o
LOAD build/EXPLORER_16_PIC32MX570F512L/debug/_ext/1472/lab1_tasks.o
LOAD build/EXPLORER_16_PIC32MX570F512L/debug/_ext/449926602/event_groups.o
LOAD build/EXPLORER_16_PIC32MX570F512L/debug/_ext/1472/console.o
LOAD build/EXPLORER_16_PIC32MX570F512L/debug/_ext/1472/Tick_core.o
LOAD build/EXPLORER_16_PIC32MX570F512L/debug/_ext/1472/initBoard.o
LOAD build/EXPLORER_16_PIC32MX570F512L/debug/_ext/1472/util.o
                0x0000000000000001                __MPLAB_BUILD = 0x1
                0x0000000000000001                __MPLAB_DEBUG = 0x1
                0x0000000000000001                __DEBUG = 0x1
                0x0000000000000001                __MPLAB_DEBUGGER_SIMULATOR = 0x1
LOAD C:\Users\houlds\AppData\Local\Temp\ccUlAot0.o
LOAD C:\Users\houlds\AppData\Local\Temp\ccWGm639.o
LOAD C:\Users\houlds\AppData\Local\Temp\ccfUwoff.o
LOAD c:/program files/microchip/xc32/v4.30/bin/bin/../../lib/gcc/pic32mx/8.3.1/../../../../pic32mx/lib\pic32_software_reset.o
LOAD c:/program files/microchip/xc32/v4.30/bin/bin/../../lib/gcc/pic32mx/8.3.1\libgcc.a
START GROUP
LOAD c:/program files/microchip/xc32/v4.30/bin/bin/../../lib/gcc/pic32mx/8.3.1/../../../../pic32mx/lib\libpic32.a
LOAD c:/program files/microchip/xc32/v4.30/bin/bin/../../lib/gcc/pic32mx/8.3.1/../../../../pic32mx/lib\libdebug.a
LOAD c:/program files/microchip/xc32/v4.30/bin/bin/../../lib/gcc/pic32mx/8.3.1/../../../../pic32mx/lib\libc-musl.a
LOAD c:/program files/microchip/xc32/v4.30/bin/bin/../../lib/gcc/pic32mx/8.3.1/../../../../pic32mx/lib\libm.a
LOAD c:/program files/microchip/xc32/v4.30/bin/bin/../../lib/gcc/pic32mx/8.3.1/../../../../pic32mx/lib\libe.a
LOAD c:/program files/microchip/xc32/v4.30/bin/bin/../../lib/gcc/pic32mx/8.3.1/../../../../pic32mx/lib\libm-musl.a
LOAD c:/program files/microchip/xc32/v4.30/bin/bin/../../lib/gcc/pic32mx/8.3.1/../../../../pic32mx/lib\libdsp.a
LOAD c:/program files/microchip/xc32/v4.30/bin/bin/../../lib/gcc/pic32mx/8.3.1\libgcc.a
END GROUP
LOAD c:/program files/microchip/xc32/v4.30/bin/bin/../../lib/gcc/pic32mx/8.3.1\libgcc.a
                0x0000000000000400                PROVIDE (_min_stack_size = 0x400)
START GROUP
LOAD libmchp_peripheral.a
END GROUP
START GROUP
LOAD libmchp_peripheral_32MX795F512L.a
END GROUP
                0x0000000000000001                PROVIDE (_vector_spacing = 0x1)
                0x000000009fc01000                PROVIDE (_ebase_address = 0x9fc01000)
                0x00000000bfc00000                _RESET_ADDR = 0xbfc00000
                0x00000000bfc00380                _BEV_EXCPT_ADDR = 0xbfc00380
                0x00000000bfc00480                _DBG_EXCPT_ADDR = 0xbfc00480
                0x00000000bfc02000                _DBG_CODE_ADDR = 0xbfc02000
                0x0000000000000ff0                _DBG_CODE_SIZE = 0xff0
                0x000000009fc01180                _GEN_EXCPT_ADDR = (_ebase_address + 0x180)

.config_BFC02FF0
 *(.config_BFC02FF0)

.config_BFC02FF4
                0x00000000bfc02ff4        0x4
 *(.config_BFC02FF4)
 .config_BFC02FF4
                0x00000000bfc02ff4        0x4 build/EXPLORER_16_PIC32MX570F512L/debug/_ext/1472/initBoard.o
                0x00000000bfc02ff4                __config_BFC02FF4

.config_BFC02FF8
                0x00000000bfc02ff8        0x4
 *(.config_BFC02FF8)
 .config_BFC02FF8
                0x00000000bfc02ff8        0x4 build/EXPLORER_16_PIC32MX570F512L/debug/_ext/1472/initBoard.o
                0x00000000bfc02ff8                __config_BFC02FF8

.config_BFC02FFC
 *(.config_BFC02FFC)

.reset          0x00000000bfc00000      0x19c
 *(.reset)
 .reset         0x00000000bfc00000        0x8 C:\Users\houlds\AppData\Local\Temp\ccUlAot0.o
                0x00000000bfc00000                _reset
 *(.reset.startup)
 .reset.startup
                0x00000000bfc00008      0x194 C:\Users\houlds\AppData\Local\Temp\ccUlAot0.o
                0x00000000bfc00008                _startup

.bev_excpt      0x00000000bfc00380       0x10
 *(.bev_handler)
 .bev_handler   0x00000000bfc00380       0x10 C:\Users\houlds\AppData\Local\Temp\ccUlAot0.o

.dbg_excpt      0x00000000bfc00480        0x8
                0x00000000bfc00488                . = (. + DEFINED (_DEBUGGER)?0x8:0x0)
 *fill*         0x00000000bfc00480        0x8 

.dbg_code       0x00000000bfc02000      0xff0
                0x00000000bfc02ff0                . = (. + DEFINED (_DEBUGGER)?_DBG_CODE_SIZE:0x0)
 *fill*         0x00000000bfc02000      0xff0 

.app_excpt      0x000000009fc01180       0x10
 *(.gen_handler)
 .gen_handler   0x000000009fc01180       0x10 C:\Users\houlds\AppData\Local\Temp\ccUlAot0.o

.vector_0       0x000000009fc01200        0x8
 *(.vector_0)
 .vector_0      0x000000009fc01200        0x8 c:/program files/microchip/xc32/v4.30/bin/bin/../../lib/gcc/pic32mx/8.3.1/../../../../pic32mx/lib\libpic32.a(vector0.o)
                0x000000009fc01200                __vector_dispatch_0
                0x0000000000000001                ASSERT (((_vector_spacing == 0x0) || (SIZEOF (.vector_0) <= (_vector_spacing << 0x5))), function at exception vector 0 too large)

.vector_1       0x000000009fc01220        0x8
 *(.vector_1)
 .vector_1      0x000000009fc01220        0x8 build/EXPLORER_16_PIC32MX570F512L/debug/_ext/332309696/port.o
                0x000000009fc01220                __vector_dispatch_1
                0x0000000000000001                ASSERT (((_vector_spacing == 0x0) || (SIZEOF (.vector_1) <= (_vector_spacing << 0x5))), function at exception vector 1 too large)

.vector_2       0x000000009fc01240        0x8
 *(.vector_2)
 .vector_2      0x000000009fc01240        0x8 c:/program files/microchip/xc32/v4.30/bin/bin/../../lib/gcc/pic32mx/8.3.1/../../../../pic32mx/lib\libpic32.a(vector2.o)
                0x000000009fc01240                __vector_dispatch_2
                0x0000000000000001                ASSERT (((_vector_spacing == 0x0) || (SIZEOF (.vector_2) <= (_vector_spacing << 0x5))), function at exception vector 2 too large)

.vector_3       0x000000009fc01260        0x8
 *(.vector_3)
 .vector_3      0x000000009fc01260        0x8 c:/program files/microchip/xc32/v4.30/bin/bin/../../lib/gcc/pic32mx/8.3.1/../../../../pic32mx/lib\libpic32.a(vector3.o)
                0x000000009fc01260                __vector_dispatch_3
                0x0000000000000001                ASSERT (((_vector_spacing == 0x0) || (SIZEOF (.vector_3) <= (_vector_spacing << 0x5))), function at exception vector 3 too large)

.vector_4       0x000000009fc01280        0x8
 *(.vector_4)
 .vector_4      0x000000009fc01280        0x8 build/EXPLORER_16_PIC32MX570F512L/debug/_ext/332309696/port.o
                0x000000009fc01280                __vector_dispatch_4
                0x0000000000000001                ASSERT (((_vector_spacing == 0x0) || (SIZEOF (.vector_4) <= (_vector_spacing << 0x5))), function at exception vector 4 too large)

.vector_5       0x000000009fc012a0        0x8
 *(.vector_5)
 .vector_5      0x000000009fc012a0        0x8 c:/program files/microchip/xc32/v4.30/bin/bin/../../lib/gcc/pic32mx/8.3.1/../../../../pic32mx/lib\libpic32.a(vector5.o)
                0x000000009fc012a0                __vector_dispatch_5
                0x0000000000000001                ASSERT (((_vector_spacing == 0x0) || (SIZEOF (.vector_5) <= (_vector_spacing << 0x5))), function at exception vector 5 too large)

.vector_6       0x000000009fc012c0        0x8
 *(.vector_6)
 .vector_6      0x000000009fc012c0        0x8 c:/program files/microchip/xc32/v4.30/bin/bin/../../lib/gcc/pic32mx/8.3.1/../../../../pic32mx/lib\libpic32.a(vector6.o)
                0x000000009fc012c0                __vector_dispatch_6
                0x0000000000000001                ASSERT (((_vector_spacing == 0x0) || (SIZEOF (.vector_6) <= (_vector_spacing << 0x5))), function at exception vector 6 too large)

.vector_7       0x000000009fc012e0        0x8
 *(.vector_7)
 .vector_7      0x000000009fc012e0        0x8 c:/program files/microchip/xc32/v4.30/bin/bin/../../lib/gcc/pic32mx/8.3.1/../../../../pic32mx/lib\libpic32.a(vector7.o)
                0x000000009fc012e0                __vector_dispatch_7
                0x0000000000000001                ASSERT (((_vector_spacing == 0x0) || (SIZEOF (.vector_7) <= (_vector_spacing << 0x5))), function at exception vector 7 too large)

.vector_8       0x000000009fc01300        0x8
 *(.vector_8)
 .vector_8      0x000000009fc01300        0x8 c:/program files/microchip/xc32/v4.30/bin/bin/../../lib/gcc/pic32mx/8.3.1/../../../../pic32mx/lib\libpic32.a(vector8.o)
                0x000000009fc01300                __vector_dispatch_8
                0x0000000000000001                ASSERT (((_vector_spacing == 0x0) || (SIZEOF (.vector_8) <= (_vector_spacing << 0x5))), function at exception vector 8 too large)

.vector_9       0x000000009fc01320        0x8
 *(.vector_9)
 .vector_9      0x000000009fc01320        0x8 c:/program files/microchip/xc32/v4.30/bin/bin/../../lib/gcc/pic32mx/8.3.1/../../../../pic32mx/lib\libpic32.a(vector9.o)
                0x000000009fc01320                __vector_dispatch_9
                0x0000000000000001                ASSERT (((_vector_spacing == 0x0) || (SIZEOF (.vector_9) <= (_vector_spacing << 0x5))), function at exception vector 9 too large)

.vector_10      0x000000009fc01340        0x8
 *(.vector_10)
 .vector_10     0x000000009fc01340        0x8 c:/program files/microchip/xc32/v4.30/bin/bin/../../lib/gcc/pic32mx/8.3.1/../../../../pic32mx/lib\libpic32.a(vector10.o)
                0x000000009fc01340                __vector_dispatch_10
                0x0000000000000001                ASSERT (((_vector_spacing == 0x0) || (SIZEOF (.vector_10) <= (_vector_spacing << 0x5))), function at exception vector 10 too large)

.vector_11      0x000000009fc01360        0x8
 *(.vector_11)
 .vector_11     0x000000009fc01360        0x8 c:/program files/microchip/xc32/v4.30/bin/bin/../../lib/gcc/pic32mx/8.3.1/../../../../pic32mx/lib\libpic32.a(vector11.o)
                0x000000009fc01360                __vector_dispatch_11
                0x0000000000000001                ASSERT (((_vector_spacing == 0x0) || (SIZEOF (.vector_11) <= (_vector_spacing << 0x5))), function at exception vector 11 too large)

.vector_12      0x000000009fc01380        0x8
 *(.vector_12)
 .vector_12     0x000000009fc01380        0x8 c:/program files/microchip/xc32/v4.30/bin/bin/../../lib/gcc/pic32mx/8.3.1/../../../../pic32mx/lib\libpic32.a(vector12.o)
                0x000000009fc01380                __vector_dispatch_12
                0x0000000000000001                ASSERT (((_vector_spacing == 0x0) || (SIZEOF (.vector_12) <= (_vector_spacing << 0x5))), function at exception vector 12 too large)

.vector_13      0x000000009fc013a0        0x8
 *(.vector_13)
 .vector_13     0x000000009fc013a0        0x8 c:/program files/microchip/xc32/v4.30/bin/bin/../../lib/gcc/pic32mx/8.3.1/../../../../pic32mx/lib\libpic32.a(vector13.o)
                0x000000009fc013a0                __vector_dispatch_13
                0x0000000000000001                ASSERT (((_vector_spacing == 0x0) || (SIZEOF (.vector_13) <= (_vector_spacing << 0x5))), function at exception vector 13 too large)

.vector_14      0x000000009fc013c0        0x8
 *(.vector_14)
 .vector_14     0x000000009fc013c0        0x8 c:/program files/microchip/xc32/v4.30/bin/bin/../../lib/gcc/pic32mx/8.3.1/../../../../pic32mx/lib\libpic32.a(vector14.o)
                0x000000009fc013c0                __vector_dispatch_14
                0x0000000000000001                ASSERT (((_vector_spacing == 0x0) || (SIZEOF (.vector_14) <= (_vector_spacing << 0x5))), function at exception vector 14 too large)

.vector_15      0x000000009fc013e0        0x8
 *(.vector_15)
 .vector_15     0x000000009fc013e0        0x8 c:/program files/microchip/xc32/v4.30/bin/bin/../../lib/gcc/pic32mx/8.3.1/../../../../pic32mx/lib\libpic32.a(vector15.o)
                0x000000009fc013e0                __vector_dispatch_15
                0x0000000000000001                ASSERT (((_vector_spacing == 0x0) || (SIZEOF (.vector_15) <= (_vector_spacing << 0x5))), function at exception vector 15 too large)

.vector_16      0x000000009fc01400        0x8
 *(.vector_16)
 .vector_16     0x000000009fc01400        0x8 c:/program files/microchip/xc32/v4.30/bin/bin/../../lib/gcc/pic32mx/8.3.1/../../../../pic32mx/lib\libpic32.a(vector16.o)
                0x000000009fc01400                __vector_dispatch_16
                0x0000000000000001                ASSERT (((_vector_spacing == 0x0) || (SIZEOF (.vector_16) <= (_vector_spacing << 0x5))), function at exception vector 16 too large)

.vector_17      0x000000009fc01420        0x8
 *(.vector_17)
 .vector_17     0x000000009fc01420        0x8 c:/program files/microchip/xc32/v4.30/bin/bin/../../lib/gcc/pic32mx/8.3.1/../../../../pic32mx/lib\libpic32.a(vector17.o)
                0x000000009fc01420                __vector_dispatch_17
                0x0000000000000001                ASSERT (((_vector_spacing == 0x0) || (SIZEOF (.vector_17) <= (_vector_spacing << 0x5))), function at exception vector 17 too large)

.vector_18      0x000000009fc01440        0x8
 *(.vector_18)
 .vector_18     0x000000009fc01440        0x8 c:/program files/microchip/xc32/v4.30/bin/bin/../../lib/gcc/pic32mx/8.3.1/../../../../pic32mx/lib\libpic32.a(vector18.o)
                0x000000009fc01440                __vector_dispatch_18
                0x0000000000000001                ASSERT (((_vector_spacing == 0x0) || (SIZEOF (.vector_18) <= (_vector_spacing << 0x5))), function at exception vector 18 too large)

.vector_19      0x000000009fc01460        0x8
 *(.vector_19)
 .vector_19     0x000000009fc01460        0x8 c:/program files/microchip/xc32/v4.30/bin/bin/../../lib/gcc/pic32mx/8.3.1/../../../../pic32mx/lib\libpic32.a(vector19.o)
                0x000000009fc01460                __vector_dispatch_19
                0x0000000000000001                ASSERT (((_vector_spacing == 0x0) || (SIZEOF (.vector_19) <= (_vector_spacing << 0x5))), function at exception vector 19 too large)

.vector_20      0x000000009fc01480        0x8
 *(.vector_20)
 .vector_20     0x000000009fc01480        0x8 c:/program files/microchip/xc32/v4.30/bin/bin/../../lib/gcc/pic32mx/8.3.1/../../../../pic32mx/lib\libpic32.a(vector20.o)
                0x000000009fc01480                __vector_dispatch_20
                0x0000000000000001                ASSERT (((_vector_spacing == 0x0) || (SIZEOF (.vector_20) <= (_vector_spacing << 0x5))), function at exception vector 20 too large)

.vector_21      0x000000009fc014a0        0x8
 *(.vector_21)
 .vector_21     0x000000009fc014a0        0x8 c:/program files/microchip/xc32/v4.30/bin/bin/../../lib/gcc/pic32mx/8.3.1/../../../../pic32mx/lib\libpic32.a(vector21.o)
                0x000000009fc014a0                __vector_dispatch_21
                0x0000000000000001                ASSERT (((_vector_spacing == 0x0) || (SIZEOF (.vector_21) <= (_vector_spacing << 0x5))), function at exception vector 21 too large)

.vector_22      0x000000009fc014c0        0x8
 *(.vector_22)
 .vector_22     0x000000009fc014c0        0x8 c:/program files/microchip/xc32/v4.30/bin/bin/../../lib/gcc/pic32mx/8.3.1/../../../../pic32mx/lib\libpic32.a(vector22.o)
                0x000000009fc014c0                __vector_dispatch_22
                0x0000000000000001                ASSERT (((_vector_spacing == 0x0) || (SIZEOF (.vector_22) <= (_vector_spacing << 0x5))), function at exception vector 22 too large)

.vector_23      0x000000009fc014e0        0x8
 *(.vector_23)
 .vector_23     0x000000009fc014e0        0x8 c:/program files/microchip/xc32/v4.30/bin/bin/../../lib/gcc/pic32mx/8.3.1/../../../../pic32mx/lib\libpic32.a(vector23.o)
                0x000000009fc014e0                __vector_dispatch_23
                0x0000000000000001                ASSERT (((_vector_spacing == 0x0) || (SIZEOF (.vector_23) <= (_vector_spacing << 0x5))), function at exception vector 23 too large)

.vector_24      0x000000009fc01500        0x8
 *(.vector_24)
 .vector_24     0x000000009fc01500        0x8 c:/program files/microchip/xc32/v4.30/bin/bin/../../lib/gcc/pic32mx/8.3.1/../../../../pic32mx/lib\libpic32.a(vector24.o)
                0x000000009fc01500                __vector_dispatch_24
                0x0000000000000001                ASSERT (((_vector_spacing == 0x0) || (SIZEOF (.vector_24) <= (_vector_spacing << 0x5))), function at exception vector 24 too large)

.vector_25      0x000000009fc01520        0x8
 *(.vector_25)
 .vector_25     0x000000009fc01520        0x8 c:/program files/microchip/xc32/v4.30/bin/bin/../../lib/gcc/pic32mx/8.3.1/../../../../pic32mx/lib\libpic32.a(vector25.o)
                0x000000009fc01520                __vector_dispatch_25
                0x0000000000000001                ASSERT (((_vector_spacing == 0x0) || (SIZEOF (.vector_25) <= (_vector_spacing << 0x5))), function at exception vector 25 too large)

.vector_26      0x000000009fc01540        0x8
 *(.vector_26)
 .vector_26     0x000000009fc01540        0x8 c:/program files/microchip/xc32/v4.30/bin/bin/../../lib/gcc/pic32mx/8.3.1/../../../../pic32mx/lib\libpic32.a(vector26.o)
                0x000000009fc01540                __vector_dispatch_26
                0x0000000000000001                ASSERT (((_vector_spacing == 0x0) || (SIZEOF (.vector_26) <= (_vector_spacing << 0x5))), function at exception vector 26 too large)

.vector_27      0x000000009fc01560        0x8
 *(.vector_27)
 .vector_27     0x000000009fc01560        0x8 c:/program files/microchip/xc32/v4.30/bin/bin/../../lib/gcc/pic32mx/8.3.1/../../../../pic32mx/lib\libpic32.a(vector27.o)
                0x000000009fc01560                __vector_dispatch_27
                0x0000000000000001                ASSERT (((_vector_spacing == 0x0) || (SIZEOF (.vector_27) <= (_vector_spacing << 0x5))), function at exception vector 27 too large)

.vector_28      0x000000009fc01580        0x8
 *(.vector_28)
 .vector_28     0x000000009fc01580        0x8 c:/program files/microchip/xc32/v4.30/bin/bin/../../lib/gcc/pic32mx/8.3.1/../../../../pic32mx/lib\libpic32.a(vector28.o)
                0x000000009fc01580                __vector_dispatch_28
                0x0000000000000001                ASSERT (((_vector_spacing == 0x0) || (SIZEOF (.vector_28) <= (_vector_spacing << 0x5))), function at exception vector 28 too large)

.vector_29      0x000000009fc015a0        0x8
 *(.vector_29)
 .vector_29     0x000000009fc015a0        0x8 c:/program files/microchip/xc32/v4.30/bin/bin/../../lib/gcc/pic32mx/8.3.1/../../../../pic32mx/lib\libpic32.a(vector29.o)
                0x000000009fc015a0                __vector_dispatch_29
                0x0000000000000001                ASSERT (((_vector_spacing == 0x0) || (SIZEOF (.vector_29) <= (_vector_spacing << 0x5))), function at exception vector 29 too large)

.vector_30      0x000000009fc015c0        0x8
 *(.vector_30)
 .vector_30     0x000000009fc015c0        0x8 c:/program files/microchip/xc32/v4.30/bin/bin/../../lib/gcc/pic32mx/8.3.1/../../../../pic32mx/lib\libpic32.a(vector30.o)
                0x000000009fc015c0                __vector_dispatch_30
                0x0000000000000001                ASSERT (((_vector_spacing == 0x0) || (SIZEOF (.vector_30) <= (_vector_spacing << 0x5))), function at exception vector 30 too large)

.vector_31      0x000000009fc015e0        0x8
 *(.vector_31)
 .vector_31     0x000000009fc015e0        0x8 c:/program files/microchip/xc32/v4.30/bin/bin/../../lib/gcc/pic32mx/8.3.1/../../../../pic32mx/lib\libpic32.a(vector31.o)
                0x000000009fc015e0                __vector_dispatch_31
                0x0000000000000001                ASSERT (((_vector_spacing == 0x0) || (SIZEOF (.vector_31) <= (_vector_spacing << 0x5))), function at exception vector 31 too large)

.vector_32      0x000000009fc01600        0x8
 *(.vector_32)
 .vector_32     0x000000009fc01600        0x8 c:/program files/microchip/xc32/v4.30/bin/bin/../../lib/gcc/pic32mx/8.3.1/../../../../pic32mx/lib\libpic32.a(vector32.o)
                0x000000009fc01600                __vector_dispatch_32
                0x0000000000000001                ASSERT (((_vector_spacing == 0x0) || (SIZEOF (.vector_32) <= (_vector_spacing << 0x5))), function at exception vector 32 too large)

.vector_33      0x000000009fc01620        0x8
 *(.vector_33)
 .vector_33     0x000000009fc01620        0x8 c:/program files/microchip/xc32/v4.30/bin/bin/../../lib/gcc/pic32mx/8.3.1/../../../../pic32mx/lib\libpic32.a(vector33.o)
                0x000000009fc01620                __vector_dispatch_33
                0x0000000000000001                ASSERT (((_vector_spacing == 0x0) || (SIZEOF (.vector_33) <= (_vector_spacing << 0x5))), function at exception vector 33 too large)

.vector_34      0x000000009fc01640        0x8
 *(.vector_34)
 .vector_34     0x000000009fc01640        0x8 c:/program files/microchip/xc32/v4.30/bin/bin/../../lib/gcc/pic32mx/8.3.1/../../../../pic32mx/lib\libpic32.a(vector34.o)
                0x000000009fc01640                __vector_dispatch_34
                0x0000000000000001                ASSERT (((_vector_spacing == 0x0) || (SIZEOF (.vector_34) <= (_vector_spacing << 0x5))), function at exception vector 34 too large)

.vector_35      0x000000009fc01660        0x8
 *(.vector_35)
 .vector_35     0x000000009fc01660        0x8 c:/program files/microchip/xc32/v4.30/bin/bin/../../lib/gcc/pic32mx/8.3.1/../../../../pic32mx/lib\libpic32.a(vector35.o)
                0x000000009fc01660                __vector_dispatch_35
                0x0000000000000001                ASSERT (((_vector_spacing == 0x0) || (SIZEOF (.vector_35) <= (_vector_spacing << 0x5))), function at exception vector 35 too large)

.vector_36      0x000000009fc01680        0x8
 *(.vector_36)
 .vector_36     0x000000009fc01680        0x8 c:/program files/microchip/xc32/v4.30/bin/bin/../../lib/gcc/pic32mx/8.3.1/../../../../pic32mx/lib\libpic32.a(vector36.o)
                0x000000009fc01680                __vector_dispatch_36
                0x0000000000000001                ASSERT (((_vector_spacing == 0x0) || (SIZEOF (.vector_36) <= (_vector_spacing << 0x5))), function at exception vector 36 too large)

.vector_37      0x000000009fc016a0        0x8
 *(.vector_37)
 .vector_37     0x000000009fc016a0        0x8 c:/program files/microchip/xc32/v4.30/bin/bin/../../lib/gcc/pic32mx/8.3.1/../../../../pic32mx/lib\libpic32.a(vector37.o)
                0x000000009fc016a0                __vector_dispatch_37
                0x0000000000000001                ASSERT (((_vector_spacing == 0x0) || (SIZEOF (.vector_37) <= (_vector_spacing << 0x5))), function at exception vector 37 too large)

.vector_38      0x000000009fc016c0        0x8
 *(.vector_38)
 .vector_38     0x000000009fc016c0        0x8 c:/program files/microchip/xc32/v4.30/bin/bin/../../lib/gcc/pic32mx/8.3.1/../../../../pic32mx/lib\libpic32.a(vector38.o)
                0x000000009fc016c0                __vector_dispatch_38
                0x0000000000000001                ASSERT (((_vector_spacing == 0x0) || (SIZEOF (.vector_38) <= (_vector_spacing << 0x5))), function at exception vector 38 too large)

.vector_39      0x000000009fc016e0        0x8
 *(.vector_39)
 .vector_39     0x000000009fc016e0        0x8 c:/program files/microchip/xc32/v4.30/bin/bin/../../lib/gcc/pic32mx/8.3.1/../../../../pic32mx/lib\libpic32.a(vector39.o)
                0x000000009fc016e0                __vector_dispatch_39
                0x0000000000000001                ASSERT (((_vector_spacing == 0x0) || (SIZEOF (.vector_39) <= (_vector_spacing << 0x5))), function at exception vector 39 too large)

.vector_40      0x000000009fc01700        0x8
 *(.vector_40)
 .vector_40     0x000000009fc01700        0x8 c:/program files/microchip/xc32/v4.30/bin/bin/../../lib/gcc/pic32mx/8.3.1/../../../../pic32mx/lib\libpic32.a(vector40.o)
                0x000000009fc01700                __vector_dispatch_40
                0x0000000000000001                ASSERT (((_vector_spacing == 0x0) || (SIZEOF (.vector_40) <= (_vector_spacing << 0x5))), function at exception vector 40 too large)

.vector_41      0x000000009fc01720        0x8
 *(.vector_41)
 .vector_41     0x000000009fc01720        0x8 c:/program files/microchip/xc32/v4.30/bin/bin/../../lib/gcc/pic32mx/8.3.1/../../../../pic32mx/lib\libpic32.a(vector41.o)
                0x000000009fc01720                __vector_dispatch_41
                0x0000000000000001                ASSERT (((_vector_spacing == 0x0) || (SIZEOF (.vector_41) <= (_vector_spacing << 0x5))), function at exception vector 41 too large)

.vector_42      0x000000009fc01740        0x8
 *(.vector_42)
 .vector_42     0x000000009fc01740        0x8 c:/program files/microchip/xc32/v4.30/bin/bin/../../lib/gcc/pic32mx/8.3.1/../../../../pic32mx/lib\libpic32.a(vector42.o)
                0x000000009fc01740                __vector_dispatch_42
                0x0000000000000001                ASSERT (((_vector_spacing == 0x0) || (SIZEOF (.vector_42) <= (_vector_spacing << 0x5))), function at exception vector 42 too large)

.vector_43      0x000000009fc01760        0x8
 *(.vector_43)
 .vector_43     0x000000009fc01760        0x8 c:/program files/microchip/xc32/v4.30/bin/bin/../../lib/gcc/pic32mx/8.3.1/../../../../pic32mx/lib\libpic32.a(vector43.o)
                0x000000009fc01760                __vector_dispatch_43
                0x0000000000000001                ASSERT (((_vector_spacing == 0x0) || (SIZEOF (.vector_43) <= (_vector_spacing << 0x5))), function at exception vector 43 too large)

.vector_44      0x000000009fc01780        0x8
 *(.vector_44)
 .vector_44     0x000000009fc01780        0x8 c:/program files/microchip/xc32/v4.30/bin/bin/../../lib/gcc/pic32mx/8.3.1/../../../../pic32mx/lib\libpic32.a(vector44.o)
                0x000000009fc01780                __vector_dispatch_44
                0x0000000000000001                ASSERT (((_vector_spacing == 0x0) || (SIZEOF (.vector_44) <= (_vector_spacing << 0x5))), function at exception vector 44 too large)

.vector_45      0x000000009fc017a0        0x8
 *(.vector_45)
 .vector_45     0x000000009fc017a0        0x8 c:/program files/microchip/xc32/v4.30/bin/bin/../../lib/gcc/pic32mx/8.3.1/../../../../pic32mx/lib\libpic32.a(vector45.o)
                0x000000009fc017a0                __vector_dispatch_45
                0x0000000000000001                ASSERT (((_vector_spacing == 0x0) || (SIZEOF (.vector_45) <= (_vector_spacing << 0x5))), function at exception vector 45 too large)

.vector_46      0x000000009fc017c0        0x8
 *(.vector_46)
 .vector_46     0x000000009fc017c0        0x8 c:/program files/microchip/xc32/v4.30/bin/bin/../../lib/gcc/pic32mx/8.3.1/../../../../pic32mx/lib\libpic32.a(vector46.o)
                0x000000009fc017c0                __vector_dispatch_46
                0x0000000000000001                ASSERT (((_vector_spacing == 0x0) || (SIZEOF (.vector_46) <= (_vector_spacing << 0x5))), function at exception vector 46 too large)

.vector_47      0x000000009fc017e0        0x8
 *(.vector_47)
 .vector_47     0x000000009fc017e0        0x8 c:/program files/microchip/xc32/v4.30/bin/bin/../../lib/gcc/pic32mx/8.3.1/../../../../pic32mx/lib\libpic32.a(vector47.o)
                0x000000009fc017e0                __vector_dispatch_47
                0x0000000000000001                ASSERT (((_vector_spacing == 0x0) || (SIZEOF (.vector_47) <= (_vector_spacing << 0x5))), function at exception vector 47 too large)

.vector_48      0x000000009fc01800        0x8
 *(.vector_48)
 .vector_48     0x000000009fc01800        0x8 c:/program files/microchip/xc32/v4.30/bin/bin/../../lib/gcc/pic32mx/8.3.1/../../../../pic32mx/lib\libpic32.a(vector48.o)
                0x000000009fc01800                __vector_dispatch_48
                0x0000000000000001                ASSERT (((_vector_spacing == 0x0) || (SIZEOF (.vector_48) <= (_vector_spacing << 0x5))), function at exception vector 48 too large)

.vector_49      0x000000009fc01820        0x8
 *(.vector_49)
 .vector_49     0x000000009fc01820        0x8 c:/program files/microchip/xc32/v4.30/bin/bin/../../lib/gcc/pic32mx/8.3.1/../../../../pic32mx/lib\libpic32.a(vector49.o)
                0x000000009fc01820                __vector_dispatch_49
                0x0000000000000001                ASSERT (((_vector_spacing == 0x0) || (SIZEOF (.vector_49) <= (_vector_spacing << 0x5))), function at exception vector 49 too large)

.vector_50      0x000000009fc01840        0x8
 *(.vector_50)
 .vector_50     0x000000009fc01840        0x8 c:/program files/microchip/xc32/v4.30/bin/bin/../../lib/gcc/pic32mx/8.3.1/../../../../pic32mx/lib\libpic32.a(vector50.o)
                0x000000009fc01840                __vector_dispatch_50
                0x0000000000000001                ASSERT (((_vector_spacing == 0x0) || (SIZEOF (.vector_50) <= (_vector_spacing << 0x5))), function at exception vector 50 too large)

.vector_51      0x000000009fc01860        0x8
 *(.vector_51)
 .vector_51     0x000000009fc01860        0x8 c:/program files/microchip/xc32/v4.30/bin/bin/../../lib/gcc/pic32mx/8.3.1/../../../../pic32mx/lib\libpic32.a(vector51.o)
                0x000000009fc01860                __vector_dispatch_51
                0x0000000000000001                ASSERT (((_vector_spacing == 0x0) || (SIZEOF (.vector_51) <= (_vector_spacing << 0x5))), function at exception vector 51 too large)

.vector_52      0x000000009fc01880        0x0
 *(.vector_52)
                0x0000000000000001                ASSERT (((_vector_spacing == 0x0) || (SIZEOF (.vector_52) <= (_vector_spacing << 0x5))), function at exception vector 52 too large)

.vector_53      0x000000009fc018a0        0x0
 *(.vector_53)
                0x0000000000000001                ASSERT (((_vector_spacing == 0x0) || (SIZEOF (.vector_53) <= (_vector_spacing << 0x5))), function at exception vector 53 too large)

.vector_54      0x000000009fc018c0        0x0
 *(.vector_54)
                0x0000000000000001                ASSERT (((_vector_spacing == 0x0) || (SIZEOF (.vector_54) <= (_vector_spacing << 0x5))), function at exception vector 54 too large)

.vector_55      0x000000009fc018e0        0x0
 *(.vector_55)
                0x0000000000000001                ASSERT (((_vector_spacing == 0x0) || (SIZEOF (.vector_55) <= (_vector_spacing << 0x5))), function at exception vector 55 too large)

.vector_56      0x000000009fc01900        0x0
 *(.vector_56)
                0x0000000000000001                ASSERT (((_vector_spacing == 0x0) || (SIZEOF (.vector_56) <= (_vector_spacing << 0x5))), function at exception vector 56 too large)

.vector_57      0x000000009fc01920        0x0
 *(.vector_57)
                0x0000000000000001                ASSERT (((_vector_spacing == 0x0) || (SIZEOF (.vector_57) <= (_vector_spacing << 0x5))), function at exception vector 57 too large)

.vector_58      0x000000009fc01940        0x0
 *(.vector_58)
                0x0000000000000001                ASSERT (((_vector_spacing == 0x0) || (SIZEOF (.vector_58) <= (_vector_spacing << 0x5))), function at exception vector 58 too large)

.vector_59      0x000000009fc01960        0x0
 *(.vector_59)
                0x0000000000000001                ASSERT (((_vector_spacing == 0x0) || (SIZEOF (.vector_59) <= (_vector_spacing << 0x5))), function at exception vector 59 too large)

.vector_60      0x000000009fc01980        0x0
 *(.vector_60)
                0x0000000000000001                ASSERT (((_vector_spacing == 0x0) || (SIZEOF (.vector_60) <= (_vector_spacing << 0x5))), function at exception vector 60 too large)

.vector_61      0x000000009fc019a0        0x0
 *(.vector_61)
                0x0000000000000001                ASSERT (((_vector_spacing == 0x0) || (SIZEOF (.vector_61) <= (_vector_spacing << 0x5))), function at exception vector 61 too large)

.vector_62      0x000000009fc019c0        0x0
 *(.vector_62)
                0x0000000000000001                ASSERT (((_vector_spacing == 0x0) || (SIZEOF (.vector_62) <= (_vector_spacing << 0x5))), function at exception vector 62 too large)

.vector_63      0x000000009fc019e0        0x0
 *(.vector_63)
                0x0000000000000001                ASSERT (((_vector_spacing == 0x0) || (SIZEOF (.vector_63) <= (_vector_spacing << 0x5))), function at exception vector 63 too large)

.startup
 *(.startup)

.text           0x000000009d000000        0x0
 *(.stub .gnu.linkonce.t.*)
 *(.text.*personality*)
 *(.mips16.fn.*)
 *(.mips16.call.*)
 *(.gnu.warning)
                0x000000009d000000                . = ALIGN (0x4)

.init           0x000000009d000000        0x0
 *crti.o(.init)
 *crtbegin.o(.init)
 *(EXCLUDE_FILE(*crtn.o *crtend?.o *crtend.o) .init)
 *crtend.o(.init)
 *crtn.o(.init)
                0x000000009d000000                . = ALIGN (0x4)

.fini           0x000000009d000000        0x0
 *(.fini)
                0x000000009d000000                . = ALIGN (0x4)

.preinit_array  0x000000009d000000        0x0
                [!provide]                        PROVIDE (__preinit_array_start = .)
 *(.preinit_array)
                [!provide]                        PROVIDE (__preinit_array_end = .)
                0x000000009d000000                . = ALIGN (0x4)

.init_array     0x000000009d000000        0x0
                [!provide]                        PROVIDE (__init_array_start = .)
 *(SORT_BY_NAME(.init_array.*))
 *(.init_array)
                [!provide]                        PROVIDE (__init_array_end = .)
                0x000000009d000000                . = ALIGN (0x4)

.fini_array     0x000000009d000000        0x0
                [!provide]                        PROVIDE (__fini_array_start = .)
 *(SORT_BY_NAME(.fini_array.*))
 *(.fini_array)
                [!provide]                        PROVIDE (__fini_array_end = .)
                0x000000009d000000                . = ALIGN (0x4)

.ctors          0x000000009d000000        0x0
 *crtbegin.o(.ctors)
 *crtbegin?.o(.ctors)
 *(EXCLUDE_FILE(*crtend?.o *crtend.o) .ctors)
 *(SORT_BY_NAME(.ctors.*))
 *(.ctors)
                0x000000009d000000                . = ALIGN (0x4)

.dtors          0x000000009d000000        0x0
 *crtbegin.o(.dtors)
 *crtbegin?.o(.dtors)
 *(EXCLUDE_FILE(*crtend?.o *crtend.o) .dtors)
 *(SORT_BY_NAME(.dtors.*))
 *(.dtors)
                0x000000009d000000                . = ALIGN (0x4)

.rodata         0x000000009d000000        0x0
 *(.gnu.linkonce.r.*)
 *(.rodata1)
                0x000000009d000000                . = ALIGN (0x4)

.sdata2         0x000000009d000000        0x0
 *(.sdata2 .sdata2.* .gnu.linkonce.s2.*)
                0x000000009d000000                . = ALIGN (0x4)

.sbss2          0x000000009d000000        0x0
 *(.sbss2 .sbss2.* .gnu.linkonce.sb2.*)
                0x000000009d000000                . = ALIGN (0x4)

.eh_frame_hdr
 *(.eh_frame_hdr)
                0x000000009d000000                . = ALIGN (0x4)

.eh_frame
 *(.eh_frame)
                0x000000009d000000                . = ALIGN (0x4)

.gcc_except_table
 *(.gcc_except_table .gcc_except_table.*)
                0x000000009d000000                . = ALIGN (0x4)

.dbg_data       0x00000000a0000000      0x200
                0x00000000a0000200                . = (. + DEFINED (_DEBUGGER)?0x200:0x0)
 *fill*         0x00000000a0000000      0x200 

.jcr            0x00000000a0000200        0x0
 *(.jcr)
                0x00000000a0000200                . = ALIGN (0x4)

.eh_frame
 *(.eh_frame)
                0x00000000a0000200                . = ALIGN (0x4)

.gcc_except_table
 *(.gcc_except_table .gcc_except_table.*)
                0x00000000a0000200                . = ALIGN (0x4)

.persist        0x00000000a0000200        0x0
                0x00000000a0000200                _persist_begin = .
 *(.persist .persist.*)
                0x00000000a0000200                . = ALIGN (0x4)
                0x00000000a0000200                _persist_end = .

.data           0x00000000a0000200        0x0
 *(.gnu.linkonce.d.*)
 *(.data1)
                0x00000000a0000200                . = ALIGN (0x4)
                0x00000000a0000200                . = .
                0x00000000a00081f0                _gp = (ALIGN (0x10) + 0x7ff0)

.got            0x00000000a0000200        0x0
 *(.got.plt)
 *(.got)
                0x00000000a0000200                . = ALIGN (0x4)

.sdata          0x00000000a0000200        0x8
                0x00000000a0000200                _sdata_begin = .
 *(.sdata .sdata.* .gnu.linkonce.s.*)
 .sdata         0x00000000a0000200        0x4 build/EXPLORER_16_PIC32MX570F512L/debug/_ext/332309696/port.o
                0x00000000a0000200                uxInterruptNesting
 .sdata         0x00000000a0000204        0x4 build/EXPLORER_16_PIC32MX570F512L/debug/_ext/1472/console.o
                0x00000000a0000208                . = ALIGN (0x4)
                0x00000000a0000208                _sdata_end = .

.lit8
 *(.lit8)

.lit4
 *(.lit4)
                0x00000000a0000208                . = ALIGN (0x4)
                0x00000000a0000208                _data_end = .
                0x00000000a0000208                _bss_begin = .

.sbss           0x00000000a0000208       0x7c
                0x00000000a0000208                _sbss_begin = .
 *(.dynsbss)
 *(.sbss .sbss.* .gnu.linkonce.sb.*)
 .sbss          0x00000000a0000208        0x4 build/EXPLORER_16_PIC32MX570F512L/debug/_ext/332309696/port.o
                0x00000000a0000208                uxSavedTaskStackPointer
 .sbss          0x00000000a000020c       0x30 build/EXPLORER_16_PIC32MX570F512L/debug/_ext/449926602/tasks.o
                0x00000000a000020c                pxCurrentTCB
                0x00000000a0000210                uxTasksDeleted
                0x00000000a0000214                uxCurrentNumberOfTasks
                0x00000000a0000218                xTickCount
                0x00000000a000021c                uxTopReadyPriority
                0x00000000a0000220                xSchedulerRunning
                0x00000000a0000224                uxPendedTicks
                0x00000000a0000228                xYieldPending
                0x00000000a000022c                xNumOfOverflows
                0x00000000a0000230                uxTaskNumber
                0x00000000a0000234                xNextTaskUnblockTime
                0x00000000a0000238                uxSchedulerSuspended
 .sbss          0x00000000a000023c       0x10 build/EXPLORER_16_PIC32MX570F512L/debug/_ext/449926602/timers.o
 .sbss          0x00000000a000024c       0x18 build/EXPLORER_16_PIC32MX570F512L/debug/_ext/1884096877/heap_4.o
 .sbss          0x00000000a0000264       0x10 build/EXPLORER_16_PIC32MX570F512L/debug/_ext/1472/console.o
 .sbss          0x00000000a0000274        0x4 build/EXPLORER_16_PIC32MX570F512L/debug/_ext/1472/util.o
 *(.scommon)
 .scommon       0x00000000a0000278        0x8 build/EXPLORER_16_PIC32MX570F512L/debug/_ext/449926602/tasks.o
                0x00000000a0000278                pxDelayedTaskList
                0x00000000a000027c                pxOverflowDelayedTaskList
 .scommon       0x00000000a0000280        0x4 build/EXPLORER_16_PIC32MX570F512L/debug/_ext/1472/console.o
                0x00000000a0000280                _uLCDloops
                0x00000000a0000284                _sbss_end = .
                0x00000000a0000284                . = ALIGN (0x4)

.bss            0x00000000a0000284       0xc8
 *(.dynbss)
 *(COMMON)
 COMMON         0x00000000a0000284       0xc8 build/EXPLORER_16_PIC32MX570F512L/debug/_ext/449926602/tasks.o
                0x00000000a0000284                pxReadyTasksLists
                0x00000000a00002e8                xPendingReadyList
                0x00000000a00002fc                xTasksWaitingTermination
                0x00000000a0000310                xSuspendedTaskList
                0x00000000a0000324                xDelayedTaskList2
                0x00000000a0000338                xDelayedTaskList1
                0x00000000a000034c                . = ALIGN ((. != 0x0)?0x4:0x1)
                0x00000000a000034c                . = ALIGN (0x4)
                0x00000000a000034c                _end = .
                0x00000000a000034c                _bss_end = .
                0x0000000000020000                _bmxdudba_address = LENGTH (kseg1_data_mem)
                0x0000000000020000                _bmxdupba_address = LENGTH (kseg1_data_mem)

/DISCARD/
 *(.pdr)
 *(.rel.dyn)
 *(.note.GNU-stack)
 *(.note.GNU-stack)
 *(.gnu_debuglink)
 *(.gnu.lto_*)
 *(.discard)

.gptab.sdata
 *(.gptab.data)
 *(.gptab.sdata)

.gptab.sbss
 *(.gptab.bss)
 *(.gptab.sbss)

.mdebug.abi32   0x0000000000000000        0x0
 *(.mdebug.abi32)
 .mdebug.abi32  0x0000000000000000        0x0 c:/program files/microchip/xc32/v4.30/bin/bin/../../lib/gcc/pic32mx/8.3.1/../../../../pic32mx/lib\software-debug-break.o
 .mdebug.abi32  0x0000000000000000        0x0 build/EXPLORER_16_PIC32MX570F512L/debug/_ext/332309696/port.o
 .mdebug.abi32  0x0000000000000000        0x0 build/EXPLORER_16_PIC32MX570F512L/debug/_ext/449926602/queue.o
 .mdebug.abi32  0x0000000000000000        0x0 build/EXPLORER_16_PIC32MX570F512L/debug/_ext/449926602/tasks.o
 .mdebug.abi32  0x0000000000000000        0x0 build/EXPLORER_16_PIC32MX570F512L/debug/_ext/449926602/list.o
 .mdebug.abi32  0x0000000000000000        0x0 build/EXPLORER_16_PIC32MX570F512L/debug/_ext/449926602/timers.o
 .mdebug.abi32  0x0000000000000000        0x0 build/EXPLORER_16_PIC32MX570F512L/debug/_ext/1884096877/heap_4.o
 .mdebug.abi32  0x0000000000000000        0x0 build/EXPLORER_16_PIC32MX570F512L/debug/_ext/1472/ConfigPerformance.o
 .mdebug.abi32  0x0000000000000000        0x0 build/EXPLORER_16_PIC32MX570F512L/debug/_ext/1472/main.o
 .mdebug.abi32  0x0000000000000000        0x0 build/EXPLORER_16_PIC32MX570F512L/debug/_ext/1472/lab1_tasks.o
 .mdebug.abi32  0x0000000000000000        0x0 build/EXPLORER_16_PIC32MX570F512L/debug/_ext/449926602/event_groups.o
 .mdebug.abi32  0x0000000000000000        0x0 build/EXPLORER_16_PIC32MX570F512L/debug/_ext/1472/console.o
 .mdebug.abi32  0x0000000000000000        0x0 build/EXPLORER_16_PIC32MX570F512L/debug/_ext/1472/Tick_core.o
 .mdebug.abi32  0x0000000000000000        0x0 build/EXPLORER_16_PIC32MX570F512L/debug/_ext/1472/initBoard.o
 .mdebug.abi32  0x0000000000000000        0x0 build/EXPLORER_16_PIC32MX570F512L/debug/_ext/1472/util.o
 .mdebug.abi32  0x0000000000000000        0x0 c:/program files/microchip/xc32/v4.30/bin/bin/../../lib/gcc/pic32mx/8.3.1/../../../../pic32mx/lib\libpic32.a(default-bootstrap-exception-handler.o)
 .mdebug.abi32  0x0000000000000000        0x0 c:/program files/microchip/xc32/v4.30/bin/bin/../../lib/gcc/pic32mx/8.3.1/../../../../pic32mx/lib\libpic32.a(default-on-reset.o)
 .mdebug.abi32  0x0000000000000000        0x0 c:/program files/microchip/xc32/v4.30/bin/bin/../../lib/gcc/pic32mx/8.3.1/../../../../pic32mx/lib\libpic32.a(default-on-bootstrap.o)
 .mdebug.abi32  0x0000000000000000        0x0 c:/program files/microchip/xc32/v4.30/bin/bin/../../lib/gcc/pic32mx/8.3.1/../../../../pic32mx/lib\libpic32.a(defaultinterrupt.o)
 .mdebug.abi32  0x0000000000000000        0x0 c:/program files/microchip/xc32/v4.30/bin/bin/../../lib/gcc/pic32mx/8.3.1/../../../../pic32mx/lib\libc-musl.a(__sio_printf_cns.o)
 .mdebug.abi32  0x0000000000000000        0x0 c:/program files/microchip/xc32/v4.30/bin/bin/../../lib/gcc/pic32mx/8.3.1/../../../../pic32mx/lib\libc-musl.a(__fmt_s.o)
 .mdebug.abi32  0x0000000000000000        0x0 c:/program files/microchip/xc32/v4.30/bin/bin/../../lib/gcc/pic32mx/8.3.1/../../../../pic32mx/lib\libc-musl.a(__pop_ptr.o)
 .mdebug.abi32  0x0000000000000000        0x0 c:/program files/microchip/xc32/v4.30/bin/bin/../../lib/gcc/pic32mx/8.3.1/../../../../pic32mx/lib\libc-musl.a(__printf_core.o)
 .mdebug.abi32  0x0000000000000000        0x0 c:/program files/microchip/xc32/v4.30/bin/bin/../../lib/gcc/pic32mx/8.3.1/../../../../pic32mx/lib\libc-musl.a(stdout.o)
 .mdebug.abi32  0x0000000000000000        0x0 c:/program files/microchip/xc32/v4.30/bin/bin/../../lib/gcc/pic32mx/8.3.1/../../../../pic32mx/lib\libc-musl.a(puts.o)
 .mdebug.abi32  0x0000000000000000        0x0 c:/program files/microchip/xc32/v4.30/bin/bin/../../lib/gcc/pic32mx/8.3.1/../../../../pic32mx/lib\libc-musl.a(atoi.o)
 .mdebug.abi32  0x0000000000000000        0x0 c:/program files/microchip/xc32/v4.30/bin/bin/../../lib/gcc/pic32mx/8.3.1/../../../../pic32mx/lib\libc-musl.a(tolower.o)
 .mdebug.abi32  0x0000000000000000        0x0 c:/program files/microchip/xc32/v4.30/bin/bin/../../lib/gcc/pic32mx/8.3.1/../../../../pic32mx/lib\libc-musl.a(__int_vfprintf.o)
 .mdebug.abi32  0x0000000000000000        0x0 c:/program files/microchip/xc32/v4.30/bin/bin/../../lib/gcc/pic32mx/8.3.1/../../../../pic32mx/lib\libc-musl.a(fputs.o)
 .mdebug.abi32  0x0000000000000000        0x0 c:/program files/microchip/xc32/v4.30/bin/bin/../../lib/gcc/pic32mx/8.3.1/../../../../pic32mx/lib\libc-musl.a(__io_init_needed.o)
 .mdebug.abi32  0x0000000000000000        0x0 c:/program files/microchip/xc32/v4.30/bin/bin/../../lib/gcc/pic32mx/8.3.1/../../../../pic32mx/lib\libc-musl.a(__out.o)
 .mdebug.abi32  0x0000000000000000        0x0 c:/program files/microchip/xc32/v4.30/bin/bin/../../lib/gcc/pic32mx/8.3.1/../../../../pic32mx/lib\libc-musl.a(__pop_float.o)
 .mdebug.abi32  0x0000000000000000        0x0 c:/program files/microchip/xc32/v4.30/bin/bin/../../lib/gcc/pic32mx/8.3.1/../../../../pic32mx/lib\libc-musl.a(__pop_int.o)
 .mdebug.abi32  0x0000000000000000        0x0 c:/program files/microchip/xc32/v4.30/bin/bin/../../lib/gcc/pic32mx/8.3.1/../../../../pic32mx/lib\libc-musl.a(__stdio_close.o)
 .mdebug.abi32  0x0000000000000000        0x0 c:/program files/microchip/xc32/v4.30/bin/bin/../../lib/gcc/pic32mx/8.3.1/../../../../pic32mx/lib\libc-musl.a(fwrite.o)
 .mdebug.abi32  0x0000000000000000        0x0 c:/program files/microchip/xc32/v4.30/bin/bin/../../lib/gcc/pic32mx/8.3.1/../../../../pic32mx/lib\libc-musl.a(putc.o)
 .mdebug.abi32  0x0000000000000000        0x0 c:/program files/microchip/xc32/v4.30/bin/bin/../../lib/gcc/pic32mx/8.3.1/../../../../pic32mx/lib\libc-musl.a(__init_stdio.o)
 .mdebug.abi32  0x0000000000000000        0x0 c:/program files/microchip/xc32/v4.30/bin/bin/../../lib/gcc/pic32mx/8.3.1/../../../../pic32mx/lib\libc-musl.a(__io_file_needed.o)
 .mdebug.abi32  0x0000000000000000        0x0 c:/program files/microchip/xc32/v4.30/bin/bin/../../lib/gcc/pic32mx/8.3.1/../../../../pic32mx/lib\libpic32.a(write.o)
 .mdebug.abi32  0x0000000000000000        0x0 c:/program files/microchip/xc32/v4.30/bin/bin/../../lib/gcc/pic32mx/8.3.1/../../../../pic32mx/lib\libpic32.a(lseek.o)
 .mdebug.abi32  0x0000000000000000        0x0 c:/program files/microchip/xc32/v4.30/bin/bin/../../lib/gcc/pic32mx/8.3.1/../../../../pic32mx/lib\libpic32.a(close.o)
 .mdebug.abi32  0x0000000000000000        0x0 c:/program files/microchip/xc32/v4.30/bin/bin/../../lib/gcc/pic32mx/8.3.1/../../../../pic32mx/lib\libpic32.a(errno.o)

.mdebug.abiN32
 *(.mdebug.abiN32)

.mdebug.abi64
 *(.mdebug.abi64)

.mdebug.abiO64
 *(.mdebug.abiO64)

.mdebug.eabi32
 *(.mdebug.eabi32)

.mdebug.eabi64
 *(.mdebug.eabi64)

.gcc_compiled_long32
 *(.gcc_compiled_long32)

.gcc_compiled_long64
 *(.gcc_compiled_long64)

.stab
 *(.stab)

.stabstr
 *(.stabstr)

.stab.excl
 *(.stab.excl)

.stab.exclstr
 *(.stab.exclstr)

.stab.index
 *(.stab.index)

.stab.indexstr
 *(.stab.indexstr)

.comment        0x0000000000000000       0x5c
 *(.comment)
 .comment       0x0000000000000000       0x2b c:/program files/microchip/xc32/v4.30/bin/bin/../../lib/gcc/pic32mx/8.3.1/../../../../pic32mx/lib\software-debug-break.o
                                         0x2c (size before relaxing)
 .comment       0x000000000000002b       0x2c build/EXPLORER_16_PIC32MX570F512L/debug/_ext/332309696/port.o
 .comment       0x000000000000002b       0x2c build/EXPLORER_16_PIC32MX570F512L/debug/_ext/449926602/queue.o
 .comment       0x000000000000002b       0x2c build/EXPLORER_16_PIC32MX570F512L/debug/_ext/449926602/tasks.o
 .comment       0x000000000000002b       0x2c build/EXPLORER_16_PIC32MX570F512L/debug/_ext/449926602/list.o
 .comment       0x000000000000002b       0x2c build/EXPLORER_16_PIC32MX570F512L/debug/_ext/449926602/timers.o
 .comment       0x000000000000002b       0x2c build/EXPLORER_16_PIC32MX570F512L/debug/_ext/1884096877/heap_4.o
 .comment       0x000000000000002b       0x2c build/EXPLORER_16_PIC32MX570F512L/debug/_ext/1472/ConfigPerformance.o
 .comment       0x000000000000002b       0x2c build/EXPLORER_16_PIC32MX570F512L/debug/_ext/1472/main.o
 .comment       0x000000000000002b       0x2c build/EXPLORER_16_PIC32MX570F512L/debug/_ext/1472/lab1_tasks.o
 .comment       0x000000000000002b       0x2c build/EXPLORER_16_PIC32MX570F512L/debug/_ext/449926602/event_groups.o
 .comment       0x000000000000002b       0x2c build/EXPLORER_16_PIC32MX570F512L/debug/_ext/1472/console.o
 .comment       0x000000000000002b       0x2c build/EXPLORER_16_PIC32MX570F512L/debug/_ext/1472/Tick_core.o
 .comment       0x000000000000002b       0x2c build/EXPLORER_16_PIC32MX570F512L/debug/_ext/1472/initBoard.o
 .comment       0x000000000000002b       0x2c build/EXPLORER_16_PIC32MX570F512L/debug/_ext/1472/util.o
 .comment       0x000000000000002b       0x18 c:/program files/microchip/xc32/v4.30/bin/bin/../../lib/gcc/pic32mx/8.3.1/../../../../pic32mx/lib\libpic32.a(memset.o)
                                         0x19 (size before relaxing)
 .comment       0x0000000000000043       0x19 c:/program files/microchip/xc32/v4.30/bin/bin/../../lib/gcc/pic32mx/8.3.1/../../../../pic32mx/lib\libpic32.a(strlen.o)
                                         0x1a (size before relaxing)
 .comment       0x000000000000005c       0x2c c:/program files/microchip/xc32/v4.30/bin/bin/../../lib/gcc/pic32mx/8.3.1/../../../../pic32mx/lib\libpic32.a(default-bootstrap-exception-handler.o)
 .comment       0x000000000000005c       0x2c c:/program files/microchip/xc32/v4.30/bin/bin/../../lib/gcc/pic32mx/8.3.1/../../../../pic32mx/lib\libpic32.a(default-on-reset.o)
 .comment       0x000000000000005c       0x2c c:/program files/microchip/xc32/v4.30/bin/bin/../../lib/gcc/pic32mx/8.3.1/../../../../pic32mx/lib\libpic32.a(default-on-bootstrap.o)
 .comment       0x000000000000005c       0x2c c:/program files/microchip/xc32/v4.30/bin/bin/../../lib/gcc/pic32mx/8.3.1/../../../../pic32mx/lib\libpic32.a(defaultinterrupt.o)
 .comment       0x000000000000005c       0x2c c:/program files/microchip/xc32/v4.30/bin/bin/../../lib/gcc/pic32mx/8.3.1/../../../../pic32mx/lib\libc-musl.a(__sio_printf_cns.o)
 .comment       0x000000000000005c       0x2c c:/program files/microchip/xc32/v4.30/bin/bin/../../lib/gcc/pic32mx/8.3.1/../../../../pic32mx/lib\libc-musl.a(__fmt_s.o)
 .comment       0x000000000000005c       0x2c c:/program files/microchip/xc32/v4.30/bin/bin/../../lib/gcc/pic32mx/8.3.1/../../../../pic32mx/lib\libc-musl.a(__pop_ptr.o)
 .comment       0x000000000000005c       0x2c c:/program files/microchip/xc32/v4.30/bin/bin/../../lib/gcc/pic32mx/8.3.1/../../../../pic32mx/lib\libc-musl.a(__printf_core.o)
 .comment       0x000000000000005c       0x2c c:/program files/microchip/xc32/v4.30/bin/bin/../../lib/gcc/pic32mx/8.3.1/../../../../pic32mx/lib\libc-musl.a(stdout.o)
 .comment       0x000000000000005c       0x2c c:/program files/microchip/xc32/v4.30/bin/bin/../../lib/gcc/pic32mx/8.3.1/../../../../pic32mx/lib\libc-musl.a(puts.o)
 .comment       0x000000000000005c       0x2c c:/program files/microchip/xc32/v4.30/bin/bin/../../lib/gcc/pic32mx/8.3.1/../../../../pic32mx/lib\libc-musl.a(atoi.o)
 .comment       0x000000000000005c       0x2c c:/program files/microchip/xc32/v4.30/bin/bin/../../lib/gcc/pic32mx/8.3.1/../../../../pic32mx/lib\libc-musl.a(tolower.o)
 .comment       0x000000000000005c       0x2c c:/program files/microchip/xc32/v4.30/bin/bin/../../lib/gcc/pic32mx/8.3.1/../../../../pic32mx/lib\libc-musl.a(__int_vfprintf.o)
 .comment       0x000000000000005c       0x2c c:/program files/microchip/xc32/v4.30/bin/bin/../../lib/gcc/pic32mx/8.3.1/../../../../pic32mx/lib\libc-musl.a(fputs.o)
 .comment       0x000000000000005c       0x2c c:/program files/microchip/xc32/v4.30/bin/bin/../../lib/gcc/pic32mx/8.3.1/../../../../pic32mx/lib\libc-musl.a(__io_init_needed.o)
 .comment       0x000000000000005c       0x2c c:/program files/microchip/xc32/v4.30/bin/bin/../../lib/gcc/pic32mx/8.3.1/../../../../pic32mx/lib\libc-musl.a(__out.o)
 .comment       0x000000000000005c       0x2c c:/program files/microchip/xc32/v4.30/bin/bin/../../lib/gcc/pic32mx/8.3.1/../../../../pic32mx/lib\libc-musl.a(__pop_float.o)
 .comment       0x000000000000005c       0x2c c:/program files/microchip/xc32/v4.30/bin/bin/../../lib/gcc/pic32mx/8.3.1/../../../../pic32mx/lib\libc-musl.a(__pop_int.o)
 .comment       0x000000000000005c       0x2c c:/program files/microchip/xc32/v4.30/bin/bin/../../lib/gcc/pic32mx/8.3.1/../../../../pic32mx/lib\libc-musl.a(__stdio_close.o)
 .comment       0x000000000000005c       0x2c c:/program files/microchip/xc32/v4.30/bin/bin/../../lib/gcc/pic32mx/8.3.1/../../../../pic32mx/lib\libc-musl.a(fwrite.o)
 .comment       0x000000000000005c       0x2c c:/program files/microchip/xc32/v4.30/bin/bin/../../lib/gcc/pic32mx/8.3.1/../../../../pic32mx/lib\libc-musl.a(putc.o)
 .comment       0x000000000000005c       0x2c c:/program files/microchip/xc32/v4.30/bin/bin/../../lib/gcc/pic32mx/8.3.1/../../../../pic32mx/lib\libc-musl.a(__init_stdio.o)
 .comment       0x000000000000005c       0x2c c:/program files/microchip/xc32/v4.30/bin/bin/../../lib/gcc/pic32mx/8.3.1/../../../../pic32mx/lib\libc-musl.a(__io_file_needed.o)
 .comment       0x000000000000005c       0x2c c:/program files/microchip/xc32/v4.30/bin/bin/../../lib/gcc/pic32mx/8.3.1/../../../../pic32mx/lib\libpic32.a(write.o)
 .comment       0x000000000000005c       0x2c c:/program files/microchip/xc32/v4.30/bin/bin/../../lib/gcc/pic32mx/8.3.1/../../../../pic32mx/lib\libpic32.a(lseek.o)
 .comment       0x000000000000005c       0x2c c:/program files/microchip/xc32/v4.30/bin/bin/../../lib/gcc/pic32mx/8.3.1/../../../../pic32mx/lib\libpic32.a(close.o)
 .comment       0x000000000000005c       0x2c c:/program files/microchip/xc32/v4.30/bin/bin/../../lib/gcc/pic32mx/8.3.1/../../../../pic32mx/lib\libpic32.a(errno.o)

.debug
 *.elf(.debug)
 *(.debug)

.line
 *.elf(.line)
 *(.line)

.debug_srcinfo
 *.elf(.debug_srcinfo)
 *(.debug_srcinfo)

.debug_sfnames
 *.elf(.debug_sfnames)
 *(.debug_sfnames)

.debug_aranges  0x0000000000000000      0x608
 *.elf(.debug_aranges)
 *(.debug_aranges)
 .debug_aranges
                0x0000000000000000       0x20 c:/program files/microchip/xc32/v4.30/bin/bin/../../lib/gcc/pic32mx/8.3.1/../../../../pic32mx/lib\software-debug-break.o
 .debug_aranges
                0x0000000000000020       0x20 build/EXPLORER_16_PIC32MX570F512L/debug/_ext/332309696/port.o
 .debug_aranges
                0x0000000000000040       0x20 build/EXPLORER_16_PIC32MX570F512L/debug/_ext/332309696/port_asm.o
 .debug_aranges
                0x0000000000000060       0x20 build/EXPLORER_16_PIC32MX570F512L/debug/_ext/449926602/queue.o
 .debug_aranges
                0x0000000000000080       0x20 build/EXPLORER_16_PIC32MX570F512L/debug/_ext/449926602/tasks.o
 .debug_aranges
                0x00000000000000a0       0x20 build/EXPLORER_16_PIC32MX570F512L/debug/_ext/449926602/list.o
 .debug_aranges
                0x00000000000000c0       0x20 build/EXPLORER_16_PIC32MX570F512L/debug/_ext/449926602/timers.o
 .debug_aranges
                0x00000000000000e0       0x20 build/EXPLORER_16_PIC32MX570F512L/debug/_ext/1884096877/heap_4.o
 .debug_aranges
                0x0000000000000100       0x20 build/EXPLORER_16_PIC32MX570F512L/debug/_ext/1472/ConfigPerformance.o
 .debug_aranges
                0x0000000000000120       0x20 build/EXPLORER_16_PIC32MX570F512L/debug/_ext/1472/main.o
 .debug_aranges
                0x0000000000000140       0x20 build/EXPLORER_16_PIC32MX570F512L/debug/_ext/1472/lab1_tasks.o
 .debug_aranges
                0x0000000000000160       0x20 build/EXPLORER_16_PIC32MX570F512L/debug/_ext/449926602/event_groups.o
 .debug_aranges
                0x0000000000000180       0x20 build/EXPLORER_16_PIC32MX570F512L/debug/_ext/1472/console.o
 .debug_aranges
                0x00000000000001a0       0x20 build/EXPLORER_16_PIC32MX570F512L/debug/_ext/1472/Tick_core.o
 .debug_aranges
                0x00000000000001c0       0x20 build/EXPLORER_16_PIC32MX570F512L/debug/_ext/1472/initBoard.o
 .debug_aranges
                0x00000000000001e0       0x20 build/EXPLORER_16_PIC32MX570F512L/debug/_ext/1472/util.o
 .debug_aranges
                0x0000000000000200       0x40 C:\Users\houlds\AppData\Local\Temp\ccUlAot0.o
 .debug_aranges
                0x0000000000000240       0x20 c:/program files/microchip/xc32/v4.30/bin/bin/../../lib/gcc/pic32mx/8.3.1/../../../../pic32mx/lib\libpic32.a(default-bootstrap-exception-handler.o)
 .debug_aranges
                0x0000000000000260       0x20 c:/program files/microchip/xc32/v4.30/bin/bin/../../lib/gcc/pic32mx/8.3.1/../../../../pic32mx/lib\libpic32.a(default-on-reset.o)
 .debug_aranges
                0x0000000000000280       0x20 c:/program files/microchip/xc32/v4.30/bin/bin/../../lib/gcc/pic32mx/8.3.1/../../../../pic32mx/lib\libpic32.a(default-on-bootstrap.o)
 .debug_aranges
                0x00000000000002a0       0x20 c:/program files/microchip/xc32/v4.30/bin/bin/../../lib/gcc/pic32mx/8.3.1/../../../../pic32mx/lib\libpic32.a(defaultinterrupt.o)
 .debug_aranges
                0x00000000000002c0       0x28 c:/program files/microchip/xc32/v4.30/bin/bin/../../lib/gcc/pic32mx/8.3.1/../../../../pic32mx/lib\libc-musl.a(__sio_printf_cns.o)
 .debug_aranges
                0x00000000000002e8       0x20 c:/program files/microchip/xc32/v4.30/bin/bin/../../lib/gcc/pic32mx/8.3.1/../../../../pic32mx/lib\libc-musl.a(__fmt_s.o)
 .debug_aranges
                0x0000000000000308       0x20 c:/program files/microchip/xc32/v4.30/bin/bin/../../lib/gcc/pic32mx/8.3.1/../../../../pic32mx/lib\libc-musl.a(__pop_ptr.o)
 .debug_aranges
                0x0000000000000328       0x50 c:/program files/microchip/xc32/v4.30/bin/bin/../../lib/gcc/pic32mx/8.3.1/../../../../pic32mx/lib\libc-musl.a(__printf_core.o)
 .debug_aranges
                0x0000000000000378       0x30 c:/program files/microchip/xc32/v4.30/bin/bin/../../lib/gcc/pic32mx/8.3.1/../../../../pic32mx/lib\libc-musl.a(stdout.o)
 .debug_aranges
                0x00000000000003a8       0x20 c:/program files/microchip/xc32/v4.30/bin/bin/../../lib/gcc/pic32mx/8.3.1/../../../../pic32mx/lib\libc-musl.a(puts.o)
 .debug_aranges
                0x00000000000003c8       0x20 c:/program files/microchip/xc32/v4.30/bin/bin/../../lib/gcc/pic32mx/8.3.1/../../../../pic32mx/lib\libc-musl.a(atoi.o)
 .debug_aranges
                0x00000000000003e8       0x28 c:/program files/microchip/xc32/v4.30/bin/bin/../../lib/gcc/pic32mx/8.3.1/../../../../pic32mx/lib\libc-musl.a(tolower.o)
 .debug_aranges
                0x0000000000000410       0x20 c:/program files/microchip/xc32/v4.30/bin/bin/../../lib/gcc/pic32mx/8.3.1/../../../../pic32mx/lib\libc-musl.a(__int_vfprintf.o)
 .debug_aranges
                0x0000000000000430       0x20 c:/program files/microchip/xc32/v4.30/bin/bin/../../lib/gcc/pic32mx/8.3.1/../../../../pic32mx/lib\libc-musl.a(fputs.o)
 .debug_aranges
                0x0000000000000450       0x28 c:/program files/microchip/xc32/v4.30/bin/bin/../../lib/gcc/pic32mx/8.3.1/../../../../pic32mx/lib\libc-musl.a(__io_init_needed.o)
 .debug_aranges
                0x0000000000000478       0x28 c:/program files/microchip/xc32/v4.30/bin/bin/../../lib/gcc/pic32mx/8.3.1/../../../../pic32mx/lib\libc-musl.a(__out.o)
 .debug_aranges
                0x00000000000004a0       0x20 c:/program files/microchip/xc32/v4.30/bin/bin/../../lib/gcc/pic32mx/8.3.1/../../../../pic32mx/lib\libc-musl.a(__pop_float.o)
 .debug_aranges
                0x00000000000004c0       0x20 c:/program files/microchip/xc32/v4.30/bin/bin/../../lib/gcc/pic32mx/8.3.1/../../../../pic32mx/lib\libc-musl.a(__pop_int.o)
 .debug_aranges
                0x00000000000004e0       0x28 c:/program files/microchip/xc32/v4.30/bin/bin/../../lib/gcc/pic32mx/8.3.1/../../../../pic32mx/lib\libc-musl.a(__stdio_close.o)
 .debug_aranges
                0x0000000000000508       0x28 c:/program files/microchip/xc32/v4.30/bin/bin/../../lib/gcc/pic32mx/8.3.1/../../../../pic32mx/lib\libc-musl.a(fwrite.o)
 .debug_aranges
                0x0000000000000530       0x30 c:/program files/microchip/xc32/v4.30/bin/bin/../../lib/gcc/pic32mx/8.3.1/../../../../pic32mx/lib\libc-musl.a(putc.o)
 .debug_aranges
                0x0000000000000560       0x28 c:/program files/microchip/xc32/v4.30/bin/bin/../../lib/gcc/pic32mx/8.3.1/../../../../pic32mx/lib\libc-musl.a(__init_stdio.o)
 .debug_aranges
                0x0000000000000588       0x20 c:/program files/microchip/xc32/v4.30/bin/bin/../../lib/gcc/pic32mx/8.3.1/../../../../pic32mx/lib\libc-musl.a(__io_file_needed.o)
 .debug_aranges
                0x00000000000005a8       0x20 c:/program files/microchip/xc32/v4.30/bin/bin/../../lib/gcc/pic32mx/8.3.1/../../../../pic32mx/lib\libpic32.a(write.o)
 .debug_aranges
                0x00000000000005c8       0x20 c:/program files/microchip/xc32/v4.30/bin/bin/../../lib/gcc/pic32mx/8.3.1/../../../../pic32mx/lib\libpic32.a(lseek.o)
 .debug_aranges
                0x00000000000005e8       0x20 c:/program files/microchip/xc32/v4.30/bin/bin/../../lib/gcc/pic32mx/8.3.1/../../../../pic32mx/lib\libpic32.a(close.o)

.debug_pubnames
 *.elf(.debug_pubnames)
 *(.debug_pubnames)

.debug_info     0x0000000000000000     0xb4ff
 *.elf(.debug_info .gnu.linkonce.wi.*)
 *(.debug_info .gnu.linkonce.wi.*)
 .debug_info    0x0000000000000000       0x3f c:/program files/microchip/xc32/v4.30/bin/bin/../../lib/gcc/pic32mx/8.3.1/../../../../pic32mx/lib\software-debug-break.o
 .debug_info    0x000000000000003f      0xe35 build/EXPLORER_16_PIC32MX570F512L/debug/_ext/332309696/port.o
 .debug_info    0x0000000000000e74       0x26 build/EXPLORER_16_PIC32MX570F512L/debug/_ext/332309696/port_asm.o
 .debug_info    0x0000000000000e9a      0xcb1 build/EXPLORER_16_PIC32MX570F512L/debug/_ext/449926602/queue.o
 .debug_info    0x0000000000001b4b     0x174d build/EXPLORER_16_PIC32MX570F512L/debug/_ext/449926602/tasks.o
 .debug_info    0x0000000000003298      0x2e6 build/EXPLORER_16_PIC32MX570F512L/debug/_ext/449926602/list.o
 .debug_info    0x000000000000357e      0x922 build/EXPLORER_16_PIC32MX570F512L/debug/_ext/449926602/timers.o
 .debug_info    0x0000000000003ea0      0x324 build/EXPLORER_16_PIC32MX570F512L/debug/_ext/1884096877/heap_4.o
 .debug_info    0x00000000000041c4      0x66a build/EXPLORER_16_PIC32MX570F512L/debug/_ext/1472/ConfigPerformance.o
 .debug_info    0x000000000000482e      0x25c build/EXPLORER_16_PIC32MX570F512L/debug/_ext/1472/main.o
 .debug_info    0x0000000000004a8a       0xea build/EXPLORER_16_PIC32MX570F512L/debug/_ext/1472/lab1_tasks.o
 .debug_info    0x0000000000004b74      0x6e2 build/EXPLORER_16_PIC32MX570F512L/debug/_ext/449926602/event_groups.o
 .debug_info    0x0000000000005256     0x27e5 build/EXPLORER_16_PIC32MX570F512L/debug/_ext/1472/console.o
 .debug_info    0x0000000000007a3b      0x14c build/EXPLORER_16_PIC32MX570F512L/debug/_ext/1472/Tick_core.o
 .debug_info    0x0000000000007b87      0x3ea build/EXPLORER_16_PIC32MX570F512L/debug/_ext/1472/initBoard.o
 .debug_info    0x0000000000007f71      0x4f4 build/EXPLORER_16_PIC32MX570F512L/debug/_ext/1472/util.o
 .debug_info    0x0000000000008465       0x22 C:\Users\houlds\AppData\Local\Temp\ccUlAot0.o
 .debug_info    0x0000000000008487       0x41 c:/program files/microchip/xc32/v4.30/bin/bin/../../lib/gcc/pic32mx/8.3.1/../../../../pic32mx/lib\libpic32.a(default-bootstrap-exception-handler.o)
 .debug_info    0x00000000000084c8       0x3f c:/program files/microchip/xc32/v4.30/bin/bin/../../lib/gcc/pic32mx/8.3.1/../../../../pic32mx/lib\libpic32.a(default-on-reset.o)
 .debug_info    0x0000000000008507       0x3f c:/program files/microchip/xc32/v4.30/bin/bin/../../lib/gcc/pic32mx/8.3.1/../../../../pic32mx/lib\libpic32.a(default-on-bootstrap.o)
 .debug_info    0x0000000000008546       0x40 c:/program files/microchip/xc32/v4.30/bin/bin/../../lib/gcc/pic32mx/8.3.1/../../../../pic32mx/lib\libpic32.a(defaultinterrupt.o)
 .debug_info    0x0000000000008586      0x187 c:/program files/microchip/xc32/v4.30/bin/bin/../../lib/gcc/pic32mx/8.3.1/../../../../pic32mx/lib\libc-musl.a(__sio_printf_cns.o)
 .debug_info    0x000000000000870d      0x2a9 c:/program files/microchip/xc32/v4.30/bin/bin/../../lib/gcc/pic32mx/8.3.1/../../../../pic32mx/lib\libc-musl.a(__fmt_s.o)
 .debug_info    0x00000000000089b6      0x15e c:/program files/microchip/xc32/v4.30/bin/bin/../../lib/gcc/pic32mx/8.3.1/../../../../pic32mx/lib\libc-musl.a(__pop_ptr.o)
 .debug_info    0x0000000000008b14      0xa27 c:/program files/microchip/xc32/v4.30/bin/bin/../../lib/gcc/pic32mx/8.3.1/../../../../pic32mx/lib\libc-musl.a(__printf_core.o)
 .debug_info    0x000000000000953b      0x40c c:/program files/microchip/xc32/v4.30/bin/bin/../../lib/gcc/pic32mx/8.3.1/../../../../pic32mx/lib\libc-musl.a(stdout.o)
 .debug_info    0x0000000000009947      0x3a3 c:/program files/microchip/xc32/v4.30/bin/bin/../../lib/gcc/pic32mx/8.3.1/../../../../pic32mx/lib\libc-musl.a(puts.o)
 .debug_info    0x0000000000009cea       0xee c:/program files/microchip/xc32/v4.30/bin/bin/../../lib/gcc/pic32mx/8.3.1/../../../../pic32mx/lib\libc-musl.a(atoi.o)
 .debug_info    0x0000000000009dd8      0x11b c:/program files/microchip/xc32/v4.30/bin/bin/../../lib/gcc/pic32mx/8.3.1/../../../../pic32mx/lib\libc-musl.a(tolower.o)
 .debug_info    0x0000000000009ef3      0x1e0 c:/program files/microchip/xc32/v4.30/bin/bin/../../lib/gcc/pic32mx/8.3.1/../../../../pic32mx/lib\libc-musl.a(__int_vfprintf.o)
 .debug_info    0x000000000000a0d3      0x3ad c:/program files/microchip/xc32/v4.30/bin/bin/../../lib/gcc/pic32mx/8.3.1/../../../../pic32mx/lib\libc-musl.a(fputs.o)
 .debug_info    0x000000000000a480       0xdf c:/program files/microchip/xc32/v4.30/bin/bin/../../lib/gcc/pic32mx/8.3.1/../../../../pic32mx/lib\libc-musl.a(__io_init_needed.o)
 .debug_info    0x000000000000a55f      0x29f c:/program files/microchip/xc32/v4.30/bin/bin/../../lib/gcc/pic32mx/8.3.1/../../../../pic32mx/lib\libc-musl.a(__out.o)
 .debug_info    0x000000000000a7fe      0x134 c:/program files/microchip/xc32/v4.30/bin/bin/../../lib/gcc/pic32mx/8.3.1/../../../../pic32mx/lib\libc-musl.a(__pop_float.o)
 .debug_info    0x000000000000a932      0x14e c:/program files/microchip/xc32/v4.30/bin/bin/../../lib/gcc/pic32mx/8.3.1/../../../../pic32mx/lib\libc-musl.a(__pop_int.o)
 .debug_info    0x000000000000aa80      0x3f6 c:/program files/microchip/xc32/v4.30/bin/bin/../../lib/gcc/pic32mx/8.3.1/../../../../pic32mx/lib\libc-musl.a(__stdio_close.o)
 .debug_info    0x000000000000ae76      0x24c c:/program files/microchip/xc32/v4.30/bin/bin/../../lib/gcc/pic32mx/8.3.1/../../../../pic32mx/lib\libc-musl.a(fwrite.o)
 .debug_info    0x000000000000b0c2      0x217 c:/program files/microchip/xc32/v4.30/bin/bin/../../lib/gcc/pic32mx/8.3.1/../../../../pic32mx/lib\libc-musl.a(putc.o)
 .debug_info    0x000000000000b2d9       0xb9 c:/program files/microchip/xc32/v4.30/bin/bin/../../lib/gcc/pic32mx/8.3.1/../../../../pic32mx/lib\libc-musl.a(__init_stdio.o)
 .debug_info    0x000000000000b392       0xaf c:/program files/microchip/xc32/v4.30/bin/bin/../../lib/gcc/pic32mx/8.3.1/../../../../pic32mx/lib\libc-musl.a(__io_file_needed.o)
 .debug_info    0x000000000000b441       0x40 c:/program files/microchip/xc32/v4.30/bin/bin/../../lib/gcc/pic32mx/8.3.1/../../../../pic32mx/lib\libpic32.a(write.o)
 .debug_info    0x000000000000b481       0x3f c:/program files/microchip/xc32/v4.30/bin/bin/../../lib/gcc/pic32mx/8.3.1/../../../../pic32mx/lib\libpic32.a(lseek.o)
 .debug_info    0x000000000000b4c0       0x3f c:/program files/microchip/xc32/v4.30/bin/bin/../../lib/gcc/pic32mx/8.3.1/../../../../pic32mx/lib\libpic32.a(close.o)

.debug_abbrev   0x0000000000000000     0x2cc3
 *.elf(.debug_abbrev)
 *(.debug_abbrev)
 .debug_abbrev  0x0000000000000000       0x2e c:/program files/microchip/xc32/v4.30/bin/bin/../../lib/gcc/pic32mx/8.3.1/../../../../pic32mx/lib\software-debug-break.o
 .debug_abbrev  0x000000000000002e      0x2d2 build/EXPLORER_16_PIC32MX570F512L/debug/_ext/332309696/port.o
 .debug_abbrev  0x0000000000000300       0x14 build/EXPLORER_16_PIC32MX570F512L/debug/_ext/332309696/port_asm.o
 .debug_abbrev  0x0000000000000314      0x19c build/EXPLORER_16_PIC32MX570F512L/debug/_ext/449926602/queue.o
 .debug_abbrev  0x00000000000004b0      0x220 build/EXPLORER_16_PIC32MX570F512L/debug/_ext/449926602/tasks.o
 .debug_abbrev  0x00000000000006d0       0xf7 build/EXPLORER_16_PIC32MX570F512L/debug/_ext/449926602/list.o
 .debug_abbrev  0x00000000000007c7      0x1da build/EXPLORER_16_PIC32MX570F512L/debug/_ext/449926602/timers.o
 .debug_abbrev  0x00000000000009a1      0x172 build/EXPLORER_16_PIC32MX570F512L/debug/_ext/1884096877/heap_4.o
 .debug_abbrev  0x0000000000000b13      0x159 build/EXPLORER_16_PIC32MX570F512L/debug/_ext/1472/ConfigPerformance.o
 .debug_abbrev  0x0000000000000c6c      0x161 build/EXPLORER_16_PIC32MX570F512L/debug/_ext/1472/main.o
 .debug_abbrev  0x0000000000000dcd       0x8e build/EXPLORER_16_PIC32MX570F512L/debug/_ext/1472/lab1_tasks.o
 .debug_abbrev  0x0000000000000e5b      0x169 build/EXPLORER_16_PIC32MX570F512L/debug/_ext/449926602/event_groups.o
 .debug_abbrev  0x0000000000000fc4      0x29d build/EXPLORER_16_PIC32MX570F512L/debug/_ext/1472/console.o
 .debug_abbrev  0x0000000000001261       0xf6 build/EXPLORER_16_PIC32MX570F512L/debug/_ext/1472/Tick_core.o
 .debug_abbrev  0x0000000000001357       0xd6 build/EXPLORER_16_PIC32MX570F512L/debug/_ext/1472/initBoard.o
 .debug_abbrev  0x000000000000142d      0x1a8 build/EXPLORER_16_PIC32MX570F512L/debug/_ext/1472/util.o
 .debug_abbrev  0x00000000000015d5       0x12 C:\Users\houlds\AppData\Local\Temp\ccUlAot0.o
 .debug_abbrev  0x00000000000015e7       0x31 c:/program files/microchip/xc32/v4.30/bin/bin/../../lib/gcc/pic32mx/8.3.1/../../../../pic32mx/lib\libpic32.a(default-bootstrap-exception-handler.o)
 .debug_abbrev  0x0000000000001618       0x2e c:/program files/microchip/xc32/v4.30/bin/bin/../../lib/gcc/pic32mx/8.3.1/../../../../pic32mx/lib\libpic32.a(default-on-reset.o)
 .debug_abbrev  0x0000000000001646       0x2e c:/program files/microchip/xc32/v4.30/bin/bin/../../lib/gcc/pic32mx/8.3.1/../../../../pic32mx/lib\libpic32.a(default-on-bootstrap.o)
 .debug_abbrev  0x0000000000001674       0x31 c:/program files/microchip/xc32/v4.30/bin/bin/../../lib/gcc/pic32mx/8.3.1/../../../../pic32mx/lib\libpic32.a(defaultinterrupt.o)
 .debug_abbrev  0x00000000000016a5      0x12b c:/program files/microchip/xc32/v4.30/bin/bin/../../lib/gcc/pic32mx/8.3.1/../../../../pic32mx/lib\libc-musl.a(__sio_printf_cns.o)
 .debug_abbrev  0x00000000000017d0      0x14c c:/program files/microchip/xc32/v4.30/bin/bin/../../lib/gcc/pic32mx/8.3.1/../../../../pic32mx/lib\libc-musl.a(__fmt_s.o)
 .debug_abbrev  0x000000000000191c       0xd7 c:/program files/microchip/xc32/v4.30/bin/bin/../../lib/gcc/pic32mx/8.3.1/../../../../pic32mx/lib\libc-musl.a(__pop_ptr.o)
 .debug_abbrev  0x00000000000019f3      0x318 c:/program files/microchip/xc32/v4.30/bin/bin/../../lib/gcc/pic32mx/8.3.1/../../../../pic32mx/lib\libc-musl.a(__printf_core.o)
 .debug_abbrev  0x0000000000001d0b      0x1bd c:/program files/microchip/xc32/v4.30/bin/bin/../../lib/gcc/pic32mx/8.3.1/../../../../pic32mx/lib\libc-musl.a(stdout.o)
 .debug_abbrev  0x0000000000001ec8      0x159 c:/program files/microchip/xc32/v4.30/bin/bin/../../lib/gcc/pic32mx/8.3.1/../../../../pic32mx/lib\libc-musl.a(puts.o)
 .debug_abbrev  0x0000000000002021       0xc4 c:/program files/microchip/xc32/v4.30/bin/bin/../../lib/gcc/pic32mx/8.3.1/../../../../pic32mx/lib\libc-musl.a(atoi.o)
 .debug_abbrev  0x00000000000020e5       0xf1 c:/program files/microchip/xc32/v4.30/bin/bin/../../lib/gcc/pic32mx/8.3.1/../../../../pic32mx/lib\libc-musl.a(tolower.o)
 .debug_abbrev  0x00000000000021d6      0x118 c:/program files/microchip/xc32/v4.30/bin/bin/../../lib/gcc/pic32mx/8.3.1/../../../../pic32mx/lib\libc-musl.a(__int_vfprintf.o)
 .debug_abbrev  0x00000000000022ee      0x146 c:/program files/microchip/xc32/v4.30/bin/bin/../../lib/gcc/pic32mx/8.3.1/../../../../pic32mx/lib\libc-musl.a(fputs.o)
 .debug_abbrev  0x0000000000002434       0x81 c:/program files/microchip/xc32/v4.30/bin/bin/../../lib/gcc/pic32mx/8.3.1/../../../../pic32mx/lib\libc-musl.a(__io_init_needed.o)
 .debug_abbrev  0x00000000000024b5      0x17a c:/program files/microchip/xc32/v4.30/bin/bin/../../lib/gcc/pic32mx/8.3.1/../../../../pic32mx/lib\libc-musl.a(__out.o)
 .debug_abbrev  0x000000000000262f       0xc3 c:/program files/microchip/xc32/v4.30/bin/bin/../../lib/gcc/pic32mx/8.3.1/../../../../pic32mx/lib\libc-musl.a(__pop_float.o)
 .debug_abbrev  0x00000000000026f2       0xc3 c:/program files/microchip/xc32/v4.30/bin/bin/../../lib/gcc/pic32mx/8.3.1/../../../../pic32mx/lib\libc-musl.a(__pop_int.o)
 .debug_abbrev  0x00000000000027b5      0x15a c:/program files/microchip/xc32/v4.30/bin/bin/../../lib/gcc/pic32mx/8.3.1/../../../../pic32mx/lib\libc-musl.a(__stdio_close.o)
 .debug_abbrev  0x000000000000290f      0x13c c:/program files/microchip/xc32/v4.30/bin/bin/../../lib/gcc/pic32mx/8.3.1/../../../../pic32mx/lib\libc-musl.a(fwrite.o)
 .debug_abbrev  0x0000000000002a4b      0x122 c:/program files/microchip/xc32/v4.30/bin/bin/../../lib/gcc/pic32mx/8.3.1/../../../../pic32mx/lib\libc-musl.a(putc.o)
 .debug_abbrev  0x0000000000002b6d       0x65 c:/program files/microchip/xc32/v4.30/bin/bin/../../lib/gcc/pic32mx/8.3.1/../../../../pic32mx/lib\libc-musl.a(__init_stdio.o)
 .debug_abbrev  0x0000000000002bd2       0x67 c:/program files/microchip/xc32/v4.30/bin/bin/../../lib/gcc/pic32mx/8.3.1/../../../../pic32mx/lib\libc-musl.a(__io_file_needed.o)
 .debug_abbrev  0x0000000000002c39       0x2e c:/program files/microchip/xc32/v4.30/bin/bin/../../lib/gcc/pic32mx/8.3.1/../../../../pic32mx/lib\libpic32.a(write.o)
 .debug_abbrev  0x0000000000002c67       0x2e c:/program files/microchip/xc32/v4.30/bin/bin/../../lib/gcc/pic32mx/8.3.1/../../../../pic32mx/lib\libpic32.a(lseek.o)
 .debug_abbrev  0x0000000000002c95       0x2e c:/program files/microchip/xc32/v4.30/bin/bin/../../lib/gcc/pic32mx/8.3.1/../../../../pic32mx/lib\libpic32.a(close.o)

.debug_line     0x0000000000000000     0x6d01
 *.elf(.debug_line)
 *(.debug_line)
 .debug_line    0x0000000000000000       0xb1 c:/program files/microchip/xc32/v4.30/bin/bin/../../lib/gcc/pic32mx/8.3.1/../../../../pic32mx/lib\software-debug-break.o
 .debug_line    0x00000000000000b1      0x2df build/EXPLORER_16_PIC32MX570F512L/debug/_ext/332309696/port.o
 .debug_line    0x0000000000000390       0xe5 build/EXPLORER_16_PIC32MX570F512L/debug/_ext/332309696/port_asm.o
 .debug_line    0x0000000000000475      0x7f2 build/EXPLORER_16_PIC32MX570F512L/debug/_ext/449926602/queue.o
 .debug_line    0x0000000000000c67      0xd8a build/EXPLORER_16_PIC32MX570F512L/debug/_ext/449926602/tasks.o
 .debug_line    0x00000000000019f1      0x2fc build/EXPLORER_16_PIC32MX570F512L/debug/_ext/449926602/list.o
 .debug_line    0x0000000000001ced      0x50b build/EXPLORER_16_PIC32MX570F512L/debug/_ext/449926602/timers.o
 .debug_line    0x00000000000021f8      0x2da build/EXPLORER_16_PIC32MX570F512L/debug/_ext/1884096877/heap_4.o
 .debug_line    0x00000000000024d2      0x230 build/EXPLORER_16_PIC32MX570F512L/debug/_ext/1472/ConfigPerformance.o
 .debug_line    0x0000000000002702      0x230 build/EXPLORER_16_PIC32MX570F512L/debug/_ext/1472/main.o
 .debug_line    0x0000000000002932       0xe6 build/EXPLORER_16_PIC32MX570F512L/debug/_ext/1472/lab1_tasks.o
 .debug_line    0x0000000000002a18      0x480 build/EXPLORER_16_PIC32MX570F512L/debug/_ext/449926602/event_groups.o
 .debug_line    0x0000000000002e98      0x84e build/EXPLORER_16_PIC32MX570F512L/debug/_ext/1472/console.o
 .debug_line    0x00000000000036e6      0x189 build/EXPLORER_16_PIC32MX570F512L/debug/_ext/1472/Tick_core.o
 .debug_line    0x000000000000386f      0x198 build/EXPLORER_16_PIC32MX570F512L/debug/_ext/1472/initBoard.o
 .debug_line    0x0000000000003a07      0x24a build/EXPLORER_16_PIC32MX570F512L/debug/_ext/1472/util.o
 .debug_line    0x0000000000003c51      0x140 C:\Users\houlds\AppData\Local\Temp\ccUlAot0.o
 .debug_line    0x0000000000003d91       0xca c:/program files/microchip/xc32/v4.30/bin/bin/../../lib/gcc/pic32mx/8.3.1/../../../../pic32mx/lib\libpic32.a(default-bootstrap-exception-handler.o)
 .debug_line    0x0000000000003e5b       0xa6 c:/program files/microchip/xc32/v4.30/bin/bin/../../lib/gcc/pic32mx/8.3.1/../../../../pic32mx/lib\libpic32.a(default-on-reset.o)
 .debug_line    0x0000000000003f01       0xaa c:/program files/microchip/xc32/v4.30/bin/bin/../../lib/gcc/pic32mx/8.3.1/../../../../pic32mx/lib\libpic32.a(default-on-bootstrap.o)
 .debug_line    0x0000000000003fab       0xc9 c:/program files/microchip/xc32/v4.30/bin/bin/../../lib/gcc/pic32mx/8.3.1/../../../../pic32mx/lib\libpic32.a(defaultinterrupt.o)
 .debug_line    0x0000000000004074      0x268 c:/program files/microchip/xc32/v4.30/bin/bin/../../lib/gcc/pic32mx/8.3.1/../../../../pic32mx/lib\libc-musl.a(__sio_printf_cns.o)
 .debug_line    0x00000000000042dc      0x257 c:/program files/microchip/xc32/v4.30/bin/bin/../../lib/gcc/pic32mx/8.3.1/../../../../pic32mx/lib\libc-musl.a(__fmt_s.o)
 .debug_line    0x0000000000004533      0x20d c:/program files/microchip/xc32/v4.30/bin/bin/../../lib/gcc/pic32mx/8.3.1/../../../../pic32mx/lib\libc-musl.a(__pop_ptr.o)
 .debug_line    0x0000000000004740      0x709 c:/program files/microchip/xc32/v4.30/bin/bin/../../lib/gcc/pic32mx/8.3.1/../../../../pic32mx/lib\libc-musl.a(__printf_core.o)
 .debug_line    0x0000000000004e49      0x26d c:/program files/microchip/xc32/v4.30/bin/bin/../../lib/gcc/pic32mx/8.3.1/../../../../pic32mx/lib\libc-musl.a(stdout.o)
 .debug_line    0x00000000000050b6      0x233 c:/program files/microchip/xc32/v4.30/bin/bin/../../lib/gcc/pic32mx/8.3.1/../../../../pic32mx/lib\libc-musl.a(puts.o)
 .debug_line    0x00000000000052e9      0x17c c:/program files/microchip/xc32/v4.30/bin/bin/../../lib/gcc/pic32mx/8.3.1/../../../../pic32mx/lib\libc-musl.a(atoi.o)
 .debug_line    0x0000000000005465      0x1bb c:/program files/microchip/xc32/v4.30/bin/bin/../../lib/gcc/pic32mx/8.3.1/../../../../pic32mx/lib\libc-musl.a(tolower.o)
 .debug_line    0x0000000000005620      0x1c3 c:/program files/microchip/xc32/v4.30/bin/bin/../../lib/gcc/pic32mx/8.3.1/../../../../pic32mx/lib\libc-musl.a(__int_vfprintf.o)
 .debug_line    0x00000000000057e3      0x2a4 c:/program files/microchip/xc32/v4.30/bin/bin/../../lib/gcc/pic32mx/8.3.1/../../../../pic32mx/lib\libc-musl.a(fputs.o)
 .debug_line    0x0000000000005a87      0x155 c:/program files/microchip/xc32/v4.30/bin/bin/../../lib/gcc/pic32mx/8.3.1/../../../../pic32mx/lib\libc-musl.a(__io_init_needed.o)
 .debug_line    0x0000000000005bdc      0x2a6 c:/program files/microchip/xc32/v4.30/bin/bin/../../lib/gcc/pic32mx/8.3.1/../../../../pic32mx/lib\libc-musl.a(__out.o)
 .debug_line    0x0000000000005e82      0x1b5 c:/program files/microchip/xc32/v4.30/bin/bin/../../lib/gcc/pic32mx/8.3.1/../../../../pic32mx/lib\libc-musl.a(__pop_float.o)
 .debug_line    0x0000000000006037      0x254 c:/program files/microchip/xc32/v4.30/bin/bin/../../lib/gcc/pic32mx/8.3.1/../../../../pic32mx/lib\libc-musl.a(__pop_int.o)
 .debug_line    0x000000000000628b      0x2f2 c:/program files/microchip/xc32/v4.30/bin/bin/../../lib/gcc/pic32mx/8.3.1/../../../../pic32mx/lib\libc-musl.a(__stdio_close.o)
 .debug_line    0x000000000000657d      0x1f8 c:/program files/microchip/xc32/v4.30/bin/bin/../../lib/gcc/pic32mx/8.3.1/../../../../pic32mx/lib\libc-musl.a(fwrite.o)
 .debug_line    0x0000000000006775      0x20a c:/program files/microchip/xc32/v4.30/bin/bin/../../lib/gcc/pic32mx/8.3.1/../../../../pic32mx/lib\libc-musl.a(putc.o)
 .debug_line    0x000000000000697f       0xd0 c:/program files/microchip/xc32/v4.30/bin/bin/../../lib/gcc/pic32mx/8.3.1/../../../../pic32mx/lib\libc-musl.a(__init_stdio.o)
 .debug_line    0x0000000000006a4f       0xc4 c:/program files/microchip/xc32/v4.30/bin/bin/../../lib/gcc/pic32mx/8.3.1/../../../../pic32mx/lib\libc-musl.a(__io_file_needed.o)
 .debug_line    0x0000000000006b13       0xb8 c:/program files/microchip/xc32/v4.30/bin/bin/../../lib/gcc/pic32mx/8.3.1/../../../../pic32mx/lib\libpic32.a(write.o)
 .debug_line    0x0000000000006bcb       0x9b c:/program files/microchip/xc32/v4.30/bin/bin/../../lib/gcc/pic32mx/8.3.1/../../../../pic32mx/lib\libpic32.a(lseek.o)
 .debug_line    0x0000000000006c66       0x9b c:/program files/microchip/xc32/v4.30/bin/bin/../../lib/gcc/pic32mx/8.3.1/../../../../pic32mx/lib\libpic32.a(close.o)
 .debug_line    0x0000000000006d01        0x0 c:/program files/microchip/xc32/v4.30/bin/bin/../../lib/gcc/pic32mx/8.3.1/../../../../pic32mx/lib\libpic32.a(errno.o)

.debug_frame    0x0000000000000000     0x1f68
 *.elf(.debug_frame)
 *(.debug_frame)
 .debug_frame   0x0000000000000000       0x20 c:/program files/microchip/xc32/v4.30/bin/bin/../../lib/gcc/pic32mx/8.3.1/../../../../pic32mx/lib\software-debug-break.o
 .debug_frame   0x0000000000000020      0x140 build/EXPLORER_16_PIC32MX570F512L/debug/_ext/332309696/port.o
 .debug_frame   0x0000000000000160      0x364 build/EXPLORER_16_PIC32MX570F512L/debug/_ext/449926602/queue.o
 .debug_frame   0x00000000000004c4      0x6dc build/EXPLORER_16_PIC32MX570F512L/debug/_ext/449926602/tasks.o
 .debug_frame   0x0000000000000ba0       0xb0 build/EXPLORER_16_PIC32MX570F512L/debug/_ext/449926602/list.o
 .debug_frame   0x0000000000000c50      0x240 build/EXPLORER_16_PIC32MX570F512L/debug/_ext/449926602/timers.o
 .debug_frame   0x0000000000000e90      0x100 build/EXPLORER_16_PIC32MX570F512L/debug/_ext/1884096877/heap_4.o
 .debug_frame   0x0000000000000f90       0xb8 build/EXPLORER_16_PIC32MX570F512L/debug/_ext/1472/ConfigPerformance.o
 .debug_frame   0x0000000000001048       0x6c build/EXPLORER_16_PIC32MX570F512L/debug/_ext/1472/main.o
 .debug_frame   0x00000000000010b4       0x6c build/EXPLORER_16_PIC32MX570F512L/debug/_ext/1472/lab1_tasks.o
 .debug_frame   0x0000000000001120      0x174 build/EXPLORER_16_PIC32MX570F512L/debug/_ext/449926602/event_groups.o
 .debug_frame   0x0000000000001294      0x510 build/EXPLORER_16_PIC32MX570F512L/debug/_ext/1472/console.o
 .debug_frame   0x00000000000017a4       0xcc build/EXPLORER_16_PIC32MX570F512L/debug/_ext/1472/Tick_core.o
 .debug_frame   0x0000000000001870       0x30 build/EXPLORER_16_PIC32MX570F512L/debug/_ext/1472/initBoard.o
 .debug_frame   0x00000000000018a0       0xf0 build/EXPLORER_16_PIC32MX570F512L/debug/_ext/1472/util.o
 .debug_frame   0x0000000000001990       0x2c c:/program files/microchip/xc32/v4.30/bin/bin/../../lib/gcc/pic32mx/8.3.1/../../../../pic32mx/lib\libpic32.a(default-bootstrap-exception-handler.o)
 .debug_frame   0x00000000000019bc       0x20 c:/program files/microchip/xc32/v4.30/bin/bin/../../lib/gcc/pic32mx/8.3.1/../../../../pic32mx/lib\libpic32.a(default-on-reset.o)
 .debug_frame   0x00000000000019dc       0x20 c:/program files/microchip/xc32/v4.30/bin/bin/../../lib/gcc/pic32mx/8.3.1/../../../../pic32mx/lib\libpic32.a(default-on-bootstrap.o)
 .debug_frame   0x00000000000019fc       0x20 c:/program files/microchip/xc32/v4.30/bin/bin/../../lib/gcc/pic32mx/8.3.1/../../../../pic32mx/lib\libpic32.a(defaultinterrupt.o)
 .debug_frame   0x0000000000001a1c       0x48 c:/program files/microchip/xc32/v4.30/bin/bin/../../lib/gcc/pic32mx/8.3.1/../../../../pic32mx/lib\libc-musl.a(__sio_printf_cns.o)
 .debug_frame   0x0000000000001a64       0x34 c:/program files/microchip/xc32/v4.30/bin/bin/../../lib/gcc/pic32mx/8.3.1/../../../../pic32mx/lib\libc-musl.a(__fmt_s.o)
 .debug_frame   0x0000000000001a98       0x20 c:/program files/microchip/xc32/v4.30/bin/bin/../../lib/gcc/pic32mx/8.3.1/../../../../pic32mx/lib\libc-musl.a(__pop_ptr.o)
 .debug_frame   0x0000000000001ab8       0xc8 c:/program files/microchip/xc32/v4.30/bin/bin/../../lib/gcc/pic32mx/8.3.1/../../../../pic32mx/lib\libc-musl.a(__printf_core.o)
 .debug_frame   0x0000000000001b80       0x4c c:/program files/microchip/xc32/v4.30/bin/bin/../../lib/gcc/pic32mx/8.3.1/../../../../pic32mx/lib\libc-musl.a(stdout.o)
 .debug_frame   0x0000000000001bcc       0x2c c:/program files/microchip/xc32/v4.30/bin/bin/../../lib/gcc/pic32mx/8.3.1/../../../../pic32mx/lib\libc-musl.a(puts.o)
 .debug_frame   0x0000000000001bf8       0x20 c:/program files/microchip/xc32/v4.30/bin/bin/../../lib/gcc/pic32mx/8.3.1/../../../../pic32mx/lib\libc-musl.a(atoi.o)
 .debug_frame   0x0000000000001c18       0x3c c:/program files/microchip/xc32/v4.30/bin/bin/../../lib/gcc/pic32mx/8.3.1/../../../../pic32mx/lib\libc-musl.a(tolower.o)
 .debug_frame   0x0000000000001c54       0x2c c:/program files/microchip/xc32/v4.30/bin/bin/../../lib/gcc/pic32mx/8.3.1/../../../../pic32mx/lib\libc-musl.a(__int_vfprintf.o)
 .debug_frame   0x0000000000001c80       0x30 c:/program files/microchip/xc32/v4.30/bin/bin/../../lib/gcc/pic32mx/8.3.1/../../../../pic32mx/lib\libc-musl.a(fputs.o)
 .debug_frame   0x0000000000001cb0       0x48 c:/program files/microchip/xc32/v4.30/bin/bin/../../lib/gcc/pic32mx/8.3.1/../../../../pic32mx/lib\libc-musl.a(__io_init_needed.o)
 .debug_frame   0x0000000000001cf8       0x50 c:/program files/microchip/xc32/v4.30/bin/bin/../../lib/gcc/pic32mx/8.3.1/../../../../pic32mx/lib\libc-musl.a(__out.o)
 .debug_frame   0x0000000000001d48       0x20 c:/program files/microchip/xc32/v4.30/bin/bin/../../lib/gcc/pic32mx/8.3.1/../../../../pic32mx/lib\libc-musl.a(__pop_float.o)
 .debug_frame   0x0000000000001d68       0x20 c:/program files/microchip/xc32/v4.30/bin/bin/../../lib/gcc/pic32mx/8.3.1/../../../../pic32mx/lib\libc-musl.a(__pop_int.o)
 .debug_frame   0x0000000000001d88       0x50 c:/program files/microchip/xc32/v4.30/bin/bin/../../lib/gcc/pic32mx/8.3.1/../../../../pic32mx/lib\libc-musl.a(__stdio_close.o)
 .debug_frame   0x0000000000001dd8       0x50 c:/program files/microchip/xc32/v4.30/bin/bin/../../lib/gcc/pic32mx/8.3.1/../../../../pic32mx/lib\libc-musl.a(fwrite.o)
 .debug_frame   0x0000000000001e28       0x64 c:/program files/microchip/xc32/v4.30/bin/bin/../../lib/gcc/pic32mx/8.3.1/../../../../pic32mx/lib\libc-musl.a(putc.o)
 .debug_frame   0x0000000000001e8c       0x3c c:/program files/microchip/xc32/v4.30/bin/bin/../../lib/gcc/pic32mx/8.3.1/../../../../pic32mx/lib\libc-musl.a(__init_stdio.o)
 .debug_frame   0x0000000000001ec8       0x2c c:/program files/microchip/xc32/v4.30/bin/bin/../../lib/gcc/pic32mx/8.3.1/../../../../pic32mx/lib\libc-musl.a(__io_file_needed.o)
 .debug_frame   0x0000000000001ef4       0x34 c:/program files/microchip/xc32/v4.30/bin/bin/../../lib/gcc/pic32mx/8.3.1/../../../../pic32mx/lib\libpic32.a(write.o)
 .debug_frame   0x0000000000001f28       0x20 c:/program files/microchip/xc32/v4.30/bin/bin/../../lib/gcc/pic32mx/8.3.1/../../../../pic32mx/lib\libpic32.a(lseek.o)
 .debug_frame   0x0000000000001f48       0x20 c:/program files/microchip/xc32/v4.30/bin/bin/../../lib/gcc/pic32mx/8.3.1/../../../../pic32mx/lib\libpic32.a(close.o)

.debug_str      0x0000000000000000     0xc526
 *.elf(.debug_str)
 *(.debug_str)
 .debug_str     0x0000000000000000      0x363 c:/program files/microchip/xc32/v4.30/bin/bin/../../lib/gcc/pic32mx/8.3.1/../../../../pic32mx/lib\software-debug-break.o
 .debug_str     0x0000000000000363      0x889 build/EXPLORER_16_PIC32MX570F512L/debug/_ext/332309696/port.o
 .debug_str     0x0000000000000bec       0xdc build/EXPLORER_16_PIC32MX570F512L/debug/_ext/332309696/port_asm.o
 .debug_str     0x0000000000000cc8      0x826 build/EXPLORER_16_PIC32MX570F512L/debug/_ext/449926602/queue.o
 .debug_str     0x00000000000014ee      0xe9e build/EXPLORER_16_PIC32MX570F512L/debug/_ext/449926602/tasks.o
 .debug_str     0x000000000000238c      0x434 build/EXPLORER_16_PIC32MX570F512L/debug/_ext/449926602/list.o
 .debug_str     0x00000000000027c0      0x7ed build/EXPLORER_16_PIC32MX570F512L/debug/_ext/449926602/timers.o
 .debug_str     0x0000000000002fad      0x4d1 build/EXPLORER_16_PIC32MX570F512L/debug/_ext/1884096877/heap_4.o
 .debug_str     0x000000000000347e      0x586 build/EXPLORER_16_PIC32MX570F512L/debug/_ext/1472/ConfigPerformance.o
 .debug_str     0x0000000000003a04      0x3c2 build/EXPLORER_16_PIC32MX570F512L/debug/_ext/1472/main.o
 .debug_str     0x0000000000003dc6      0x315 build/EXPLORER_16_PIC32MX570F512L/debug/_ext/1472/lab1_tasks.o
 .debug_str     0x00000000000040db      0x662 build/EXPLORER_16_PIC32MX570F512L/debug/_ext/449926602/event_groups.o
 .debug_str     0x000000000000473d      0xdb8 build/EXPLORER_16_PIC32MX570F512L/debug/_ext/1472/console.o
 .debug_str     0x00000000000054f5      0x32c build/EXPLORER_16_PIC32MX570F512L/debug/_ext/1472/Tick_core.o
 .debug_str     0x0000000000005821      0x42c build/EXPLORER_16_PIC32MX570F512L/debug/_ext/1472/initBoard.o
 .debug_str     0x0000000000005c4d      0x441 build/EXPLORER_16_PIC32MX570F512L/debug/_ext/1472/util.o
 .debug_str     0x000000000000608e       0xf8 C:\Users\houlds\AppData\Local\Temp\ccUlAot0.o
 .debug_str     0x0000000000006186      0x373 c:/program files/microchip/xc32/v4.30/bin/bin/../../lib/gcc/pic32mx/8.3.1/../../../../pic32mx/lib\libpic32.a(default-bootstrap-exception-handler.o)
 .debug_str     0x00000000000064f9      0x34d c:/program files/microchip/xc32/v4.30/bin/bin/../../lib/gcc/pic32mx/8.3.1/../../../../pic32mx/lib\libpic32.a(default-on-reset.o)
 .debug_str     0x0000000000006846      0x355 c:/program files/microchip/xc32/v4.30/bin/bin/../../lib/gcc/pic32mx/8.3.1/../../../../pic32mx/lib\libpic32.a(default-on-bootstrap.o)
 .debug_str     0x0000000000006b9b      0x367 c:/program files/microchip/xc32/v4.30/bin/bin/../../lib/gcc/pic32mx/8.3.1/../../../../pic32mx/lib\libpic32.a(defaultinterrupt.o)
 .debug_str     0x0000000000006f02      0x3e0 c:/program files/microchip/xc32/v4.30/bin/bin/../../lib/gcc/pic32mx/8.3.1/../../../../pic32mx/lib\libc-musl.a(__sio_printf_cns.o)
 .debug_str     0x00000000000072e2      0x3cd c:/program files/microchip/xc32/v4.30/bin/bin/../../lib/gcc/pic32mx/8.3.1/../../../../pic32mx/lib\libc-musl.a(__fmt_s.o)
 .debug_str     0x00000000000076af      0x3bc c:/program files/microchip/xc32/v4.30/bin/bin/../../lib/gcc/pic32mx/8.3.1/../../../../pic32mx/lib\libc-musl.a(__pop_ptr.o)
 .debug_str     0x0000000000007a6b      0x4d0 c:/program files/microchip/xc32/v4.30/bin/bin/../../lib/gcc/pic32mx/8.3.1/../../../../pic32mx/lib\libc-musl.a(__printf_core.o)
 .debug_str     0x0000000000007f3b      0x486 c:/program files/microchip/xc32/v4.30/bin/bin/../../lib/gcc/pic32mx/8.3.1/../../../../pic32mx/lib\libc-musl.a(stdout.o)
 .debug_str     0x00000000000083c1      0x430 c:/program files/microchip/xc32/v4.30/bin/bin/../../lib/gcc/pic32mx/8.3.1/../../../../pic32mx/lib\libc-musl.a(puts.o)
 .debug_str     0x00000000000087f1      0x31a c:/program files/microchip/xc32/v4.30/bin/bin/../../lib/gcc/pic32mx/8.3.1/../../../../pic32mx/lib\libc-musl.a(atoi.o)
 .debug_str     0x0000000000008b0b      0x347 c:/program files/microchip/xc32/v4.30/bin/bin/../../lib/gcc/pic32mx/8.3.1/../../../../pic32mx/lib\libc-musl.a(tolower.o)
 .debug_str     0x0000000000008e52      0x3d8 c:/program files/microchip/xc32/v4.30/bin/bin/../../lib/gcc/pic32mx/8.3.1/../../../../pic32mx/lib\libc-musl.a(__int_vfprintf.o)
 .debug_str     0x000000000000922a      0x424 c:/program files/microchip/xc32/v4.30/bin/bin/../../lib/gcc/pic32mx/8.3.1/../../../../pic32mx/lib\libc-musl.a(fputs.o)
 .debug_str     0x000000000000964e      0x3c0 c:/program files/microchip/xc32/v4.30/bin/bin/../../lib/gcc/pic32mx/8.3.1/../../../../pic32mx/lib\libc-musl.a(__io_init_needed.o)
 .debug_str     0x0000000000009a0e      0x3c6 c:/program files/microchip/xc32/v4.30/bin/bin/../../lib/gcc/pic32mx/8.3.1/../../../../pic32mx/lib\libc-musl.a(__out.o)
 .debug_str     0x0000000000009dd4      0x3af c:/program files/microchip/xc32/v4.30/bin/bin/../../lib/gcc/pic32mx/8.3.1/../../../../pic32mx/lib\libc-musl.a(__pop_float.o)
 .debug_str     0x000000000000a183      0x3ba c:/program files/microchip/xc32/v4.30/bin/bin/../../lib/gcc/pic32mx/8.3.1/../../../../pic32mx/lib\libc-musl.a(__pop_int.o)
 .debug_str     0x000000000000a53d      0x449 c:/program files/microchip/xc32/v4.30/bin/bin/../../lib/gcc/pic32mx/8.3.1/../../../../pic32mx/lib\libc-musl.a(__stdio_close.o)
 .debug_str     0x000000000000a986      0x3bf c:/program files/microchip/xc32/v4.30/bin/bin/../../lib/gcc/pic32mx/8.3.1/../../../../pic32mx/lib\libc-musl.a(fwrite.o)
 .debug_str     0x000000000000ad45      0x3d6 c:/program files/microchip/xc32/v4.30/bin/bin/../../lib/gcc/pic32mx/8.3.1/../../../../pic32mx/lib\libc-musl.a(putc.o)
 .debug_str     0x000000000000b11b      0x386 c:/program files/microchip/xc32/v4.30/bin/bin/../../lib/gcc/pic32mx/8.3.1/../../../../pic32mx/lib\libc-musl.a(__init_stdio.o)
 .debug_str     0x000000000000b4a1      0x393 c:/program files/microchip/xc32/v4.30/bin/bin/../../lib/gcc/pic32mx/8.3.1/../../../../pic32mx/lib\libc-musl.a(__io_file_needed.o)